Archive member included to satisfy reference by file (symbol)

/home/alejandro/Desktop/pruebas/miniblink/libopencm3-examples/libopencm3/lib/libopencm3_stm32f4.a(gpio_common_all.o)
                              spi-mems.o (gpio_set)
/home/alejandro/Desktop/pruebas/miniblink/libopencm3-examples/libopencm3/lib/libopencm3_stm32f4.a(gpio_common_f0234.o)
                              console.o (gpio_mode_setup)
/home/alejandro/Desktop/pruebas/miniblink/libopencm3-examples/libopencm3/lib/libopencm3_stm32f4.a(rcc_common_all.o)
                              console.o (rcc_periph_clock_enable)
/home/alejandro/Desktop/pruebas/miniblink/libopencm3-examples/libopencm3/lib/libopencm3_stm32f4.a(rcc.o)
                              clock.o (rcc_clock_setup_pll)
/home/alejandro/Desktop/pruebas/miniblink/libopencm3-examples/libopencm3/lib/libopencm3_stm32f4.a(spi_common_all.o)
                              spi-mems.o (spi_enable)
/home/alejandro/Desktop/pruebas/miniblink/libopencm3-examples/libopencm3/lib/libopencm3_stm32f4.a(usart_common_all.o)
                              console.o (usart_set_baudrate)
/home/alejandro/Desktop/pruebas/miniblink/libopencm3-examples/libopencm3/lib/libopencm3_stm32f4.a(usart_common_f124.o)
                              /home/alejandro/Desktop/pruebas/miniblink/libopencm3-examples/libopencm3/lib/libopencm3_stm32f4.a(usart_common_all.o) (usart_send)
/home/alejandro/Desktop/pruebas/miniblink/libopencm3-examples/libopencm3/lib/libopencm3_stm32f4.a(vector.o)
                              (reset_handler)
/home/alejandro/Desktop/pruebas/miniblink/libopencm3-examples/libopencm3/lib/libopencm3_stm32f4.a(systick.o)
                              clock.o (systick_set_reload)
/home/alejandro/Desktop/pruebas/miniblink/libopencm3-examples/libopencm3/lib/libopencm3_stm32f4.a(scb.o)
                              console.o (scb_reset_system)
/home/alejandro/Desktop/pruebas/miniblink/libopencm3-examples/libopencm3/lib/libopencm3_stm32f4.a(nvic.o)
                              console.o (nvic_enable_irq)
/home/alejandro/Desktop/pruebas/miniblink/libopencm3-examples/libopencm3/lib/libopencm3_stm32f4.a(flash_common_all.o)
                              /home/alejandro/Desktop/pruebas/miniblink/libopencm3-examples/libopencm3/lib/libopencm3_stm32f4.a(rcc.o) (flash_set_ws)
/home/alejandro/Desktop/pruebas/miniblink/libopencm3-examples/libopencm3/lib/libopencm3_stm32f4.a(flash_common_idcache.o)
                              /home/alejandro/Desktop/pruebas/miniblink/libopencm3-examples/libopencm3/lib/libopencm3_stm32f4.a(rcc.o) (flash_dcache_enable)
/home/alejandro/Desktop/pruebas/miniblink/libopencm3-examples/libopencm3/lib/libopencm3_stm32f4.a(pwr.o)
                              /home/alejandro/Desktop/pruebas/miniblink/libopencm3-examples/libopencm3/lib/libopencm3_stm32f4.a(rcc.o) (pwr_set_vos_scale)

Discarded input sections

 .group         0x0000000000000000        0xc clock.o
 .group         0x0000000000000000        0xc clock.o
 .group         0x0000000000000000        0xc clock.o
 .group         0x0000000000000000        0xc clock.o
 .group         0x0000000000000000        0xc clock.o
 .group         0x0000000000000000        0xc clock.o
 .group         0x0000000000000000        0xc clock.o
 .group         0x0000000000000000        0xc clock.o
 .group         0x0000000000000000        0xc clock.o
 .group         0x0000000000000000        0xc clock.o
 .group         0x0000000000000000        0xc clock.o
 .group         0x0000000000000000        0xc clock.o
 .group         0x0000000000000000        0xc clock.o
 .text          0x0000000000000000        0x0 clock.o
 .data          0x0000000000000000        0x0 clock.o
 .bss           0x0000000000000000        0x0 clock.o
 .text.mtime    0x0000000000000000        0xc clock.o
 .group         0x0000000000000000        0xc console.o
 .group         0x0000000000000000        0xc console.o
 .group         0x0000000000000000        0xc console.o
 .group         0x0000000000000000        0xc console.o
 .group         0x0000000000000000        0xc console.o
 .group         0x0000000000000000        0xc console.o
 .group         0x0000000000000000        0xc console.o
 .group         0x0000000000000000        0xc console.o
 .group         0x0000000000000000        0xc console.o
 .group         0x0000000000000000        0xc console.o
 .group         0x0000000000000000        0xc console.o
 .group         0x0000000000000000        0xc console.o
 .group         0x0000000000000000        0xc console.o
 .group         0x0000000000000000        0xc console.o
 .group         0x0000000000000000        0xc console.o
 .group         0x0000000000000000        0xc console.o
 .group         0x0000000000000000        0xc console.o
 .group         0x0000000000000000        0xc console.o
 .group         0x0000000000000000        0xc console.o
 .group         0x0000000000000000        0xc console.o
 .group         0x0000000000000000        0xc console.o
[...]
Memory Configuration

Name             Origin             Length             Attributes
rom              0x0000000008000000 0x0000000000200000 xr
ccm              0x0000000010000000 0x0000000000010000 xrw
ram              0x0000000020000000 0x0000000000030000 xrw
*default*        0x0000000000000000 0xffffffffffffffff

Linker script and memory map

LOAD clock.o
LOAD console.o
LOAD spi-mems.o
LOAD /home/alejandro/Desktop/pruebas/miniblink/libopencm3-examples/libopencm3/lib/libopencm3_stm32f4.a
START GROUP
LOAD /usr/lib/gcc/arm-none-eabi/9.2.1/../../../arm-none-eabi/lib/thumb/v7e-m+fp/hard/libc.a
LOAD /usr/lib/gcc/arm-none-eabi/9.2.1/thumb/v7e-m+fp/hard/libgcc.a
LOAD /usr/lib/gcc/arm-none-eabi/9.2.1/../../../arm-none-eabi/lib/thumb/v7e-m+fp/hard/libnosys.a
END GROUP
START GROUP
LOAD /usr/lib/gcc/arm-none-eabi/9.2.1/thumb/v7e-m+fp/hard/libgcc.a
LOAD /usr/lib/gcc/arm-none-eabi/9.2.1/../../../arm-none-eabi/lib/thumb/v7e-m+fp/hard/libg.a
LOAD /usr/lib/gcc/arm-none-eabi/9.2.1/../../../arm-none-eabi/lib/thumb/v7e-m+fp/hard/libc.a
END GROUP

.text           0x0000000008000000      0xda8
 *(.vectors)
 .vectors       0x0000000008000000      0x1ac /home/alejandro/Desktop/pruebas/miniblink/libopencm3-examples/libopencm3/lib/libopencm3_stm32f4.a(vector.o)
                0x0000000008000000                vector_table
 *(.text*)
 .text.sys_tick_handler
                0x00000000080001ac       0x10 clock.o
                0x00000000080001ac                sys_tick_handler
 .text.msleep   0x00000000080001bc       0x14 clock.o
                0x00000000080001bc                msleep
 .text.clock_setup
                0x00000000080001d0       0x28 clock.o
                0x00000000080001d0                clock_setup
 .text.usart1_isr
                0x00000000080001f8       0x58 console.o
                0x00000000080001f8                usart1_isr
 .text.console_putc
                0x0000000008000250       0x18 console.o
                0x0000000008000250                console_putc
 .text.console_puts
                0x0000000008000268       0x1e console.o
                0x0000000008000268                console_puts
 *fill*         0x0000000008000286        0x2 
 .text.console_setup
                0x0000000008000288       0x80 console.o
                0x0000000008000288                console_setup
 .text.spi_setup
                0x0000000008000308       0xa8 spi-mems.o
                0x0000000008000308                spi_setup
 .text.print_decimal
                0x00000000080003b0       0x52 spi-mems.o
                0x00000000080003b0                print_decimal
 *fill*         0x0000000008000402        0x2 
 .text.startup.main
                0x0000000008000404      0x2e0 spi-mems.o
                0x0000000008000404                main
 .text.gpio_set
                0x00000000080006e4        0x4 /home/alejandro/Desktop/pruebas/miniblink/libopencm3-examples/libopencm3/lib/libopencm3_stm32f4.a(gpio_common_all.o)
                0x00000000080006e4                gpio_set
 .text.gpio_clear
                0x00000000080006e8        0x6 /home/alejandro/Desktop/pruebas/miniblink/libopencm3-examples/libopencm3/lib/libopencm3_stm32f4.a(gpio_common_all.o)
                0x00000000080006e8                gpio_clear
 .text.gpio_mode_setup
                0x00000000080006ee       0x40 /home/alejandro/Desktop/pruebas/miniblink/libopencm3-examples/libopencm3/lib/libopencm3_stm32f4.a(gpio_common_f0234.o)
                0x00000000080006ee                gpio_mode_setup
 .text.gpio_set_af
                0x000000000800072e       0x54 /home/alejandro/Desktop/pruebas/miniblink/libopencm3-examples/libopencm3/lib/libopencm3_stm32f4.a(gpio_common_f0234.o)
                0x000000000800072e                gpio_set_af
 .text.rcc_periph_clock_enable
                0x0000000008000782       0x1c /home/alejandro/Desktop/pruebas/miniblink/libopencm3-examples/libopencm3/lib/libopencm3_stm32f4.a(rcc_common_all.o)
                0x0000000008000782                rcc_periph_clock_enable
 *fill*         0x000000000800079e        0x2 
 .text.rcc_is_osc_ready
                0x00000000080007a0       0x5c /home/alejandro/Desktop/pruebas/miniblink/libopencm3-examples/libopencm3/lib/libopencm3_stm32f4.a(rcc.o)
                0x00000000080007a0                rcc_is_osc_ready
 .text.rcc_wait_for_osc_ready
                0x00000000080007fc       0x10 /home/alejandro/Desktop/pruebas/miniblink/libopencm3-examples/libopencm3/lib/libopencm3_stm32f4.a(rcc.o)
                0x00000000080007fc                rcc_wait_for_osc_ready
 .text.rcc_osc_on
                0x000000000800080c       0x58 /home/alejandro/Desktop/pruebas/miniblink/libopencm3-examples/libopencm3/lib/libopencm3_stm32f4.a(rcc.o)
                0x000000000800080c                rcc_osc_on
 .text.rcc_osc_off
                0x0000000008000864       0x58 /home/alejandro/Desktop/pruebas/miniblink/libopencm3-examples/libopencm3/lib/libopencm3_stm32f4.a(rcc.o)
                0x0000000008000864                rcc_osc_off
 .text.rcc_set_sysclk_source
                0x00000000080008bc       0x14 /home/alejandro/Desktop/pruebas/miniblink/libopencm3-examples/libopencm3/lib/libopencm3_stm32f4.a(rcc.o)
                0x00000000080008bc                rcc_set_sysclk_source
 .text.rcc_set_ppre2
                0x00000000080008d0       0x14 /home/alejandro/Desktop/pruebas/miniblink/libopencm3-examples/libopencm3/lib/libopencm3_stm32f4.a(rcc.o)
                0x00000000080008d0                rcc_set_ppre2
 .text.rcc_set_ppre1
                0x00000000080008e4       0x14 /home/alejandro/Desktop/pruebas/miniblink/libopencm3-examples/libopencm3/lib/libopencm3_stm32f4.a(rcc.o)
                0x00000000080008e4                rcc_set_ppre1
 .text.rcc_set_hpre
                0x00000000080008f8       0x14 /home/alejandro/Desktop/pruebas/miniblink/libopencm3-examples/libopencm3/lib/libopencm3_stm32f4.a(rcc.o)
                0x00000000080008f8                rcc_set_hpre
 .text.rcc_set_main_pll_hsi
                0x000000000800090c       0x44 /home/alejandro/Desktop/pruebas/miniblink/libopencm3-examples/libopencm3/lib/libopencm3_stm32f4.a(rcc.o)
                0x000000000800090c                rcc_set_main_pll_hsi
 .text.rcc_set_main_pll_hse
                0x0000000008000950       0x44 /home/alejandro/Desktop/pruebas/miniblink/libopencm3-examples/libopencm3/lib/libopencm3_stm32f4.a(rcc.o)
                0x0000000008000950                rcc_set_main_pll_hse
 .text.rcc_clock_setup_pll
                0x0000000008000994       0xf4 /home/alejandro/Desktop/pruebas/miniblink/libopencm3-examples/libopencm3/lib/libopencm3_stm32f4.a(rcc.o)
                0x0000000008000994                rcc_clock_setup_pll
 .text.spi_enable
                0x0000000008000a88        0xa /home/alejandro/Desktop/pruebas/miniblink/libopencm3-examples/libopencm3/lib/libopencm3_stm32f4.a(spi_common_all.o)
                0x0000000008000a88                spi_enable
 .text.spi_send
                0x0000000008000a92        0xa /home/alejandro/Desktop/pruebas/miniblink/libopencm3-examples/libopencm3/lib/libopencm3_stm32f4.a(spi_common_all.o)
                0x0000000008000a92                spi_send
 .text.spi_read
                0x0000000008000a9c        0xc /home/alejandro/Desktop/pruebas/miniblink/libopencm3-examples/libopencm3/lib/libopencm3_stm32f4.a(spi_common_all.o)
                0x0000000008000a9c                spi_read
 .text.spi_set_unidirectional_mode
                0x0000000008000aa8        0xa /home/alejandro/Desktop/pruebas/miniblink/libopencm3-examples/libopencm3/lib/libopencm3_stm32f4.a(spi_common_all.o)
                0x0000000008000aa8                spi_set_unidirectional_mode
 .text.spi_set_full_duplex_mode
                0x0000000008000ab2        0xa /home/alejandro/Desktop/pruebas/miniblink/libopencm3-examples/libopencm3/lib/libopencm3_stm32f4.a(spi_common_all.o)
                0x0000000008000ab2                spi_set_full_duplex_mode
 .text.spi_enable_software_slave_management
                0x0000000008000abc       0x12 /home/alejandro/Desktop/pruebas/miniblink/libopencm3-examples/libopencm3/lib/libopencm3_stm32f4.a(spi_common_all.o)
                0x0000000008000abc                spi_enable_software_slave_management
 .text.spi_set_nss_high
                0x0000000008000ace        0xa /home/alejandro/Desktop/pruebas/miniblink/libopencm3-examples/libopencm3/lib/libopencm3_stm32f4.a(spi_common_all.o)
                0x0000000008000ace                spi_set_nss_high
 .text.spi_send_msb_first
                0x0000000008000ad8        0xa /home/alejandro/Desktop/pruebas/miniblink/libopencm3-examples/libopencm3/lib/libopencm3_stm32f4.a(spi_common_all.o)
                0x0000000008000ad8                spi_send_msb_first
 .text.spi_set_baudrate_prescaler
                0x0000000008000ae2       0x16 /home/alejandro/Desktop/pruebas/miniblink/libopencm3-examples/libopencm3/lib/libopencm3_stm32f4.a(spi_common_all.o)
                0x0000000008000ae2                spi_set_baudrate_prescaler
 .text.spi_set_master_mode
                0x0000000008000af8        0xa /home/alejandro/Desktop/pruebas/miniblink/libopencm3-examples/libopencm3/lib/libopencm3_stm32f4.a(spi_common_all.o)
                0x0000000008000af8                spi_set_master_mode
 .text.spi_set_clock_polarity_0
                0x0000000008000b02        0xa /home/alejandro/Desktop/pruebas/miniblink/libopencm3-examples/libopencm3/lib/libopencm3_stm32f4.a(spi_common_all.o)
                0x0000000008000b02                spi_set_clock_polarity_0
 .text.spi_set_clock_phase_0
                0x0000000008000b0c        0xa /home/alejandro/Desktop/pruebas/miniblink/libopencm3-examples/libopencm3/lib/libopencm3_stm32f4.a(spi_common_all.o)
                0x0000000008000b0c                spi_set_clock_phase_0
 *fill*         0x0000000008000b16        0x2 
 .text.usart_set_baudrate
                0x0000000008000b18       0x2c /home/alejandro/Desktop/pruebas/miniblink/libopencm3-examples/libopencm3/lib/libopencm3_stm32f4.a(usart_common_all.o)
                0x0000000008000b18                usart_set_baudrate
 .text.usart_set_databits
                0x0000000008000b44       0x12 /home/alejandro/Desktop/pruebas/miniblink/libopencm3-examples/libopencm3/lib/libopencm3_stm32f4.a(usart_common_all.o)
                0x0000000008000b44                usart_set_databits
 .text.usart_set_stopbits
                0x0000000008000b56        0xc /home/alejandro/Desktop/pruebas/miniblink/libopencm3-examples/libopencm3/lib/libopencm3_stm32f4.a(usart_common_all.o)
                0x0000000008000b56                usart_set_stopbits
 .text.usart_set_parity
                0x0000000008000b62        0xc /home/alejandro/Desktop/pruebas/miniblink/libopencm3-examples/libopencm3/lib/libopencm3_stm32f4.a(usart_common_all.o)
                0x0000000008000b62                usart_set_parity
 .text.usart_set_mode
                0x0000000008000b6e        0xc /home/alejandro/Desktop/pruebas/miniblink/libopencm3-examples/libopencm3/lib/libopencm3_stm32f4.a(usart_common_all.o)
                0x0000000008000b6e                usart_set_mode
 .text.usart_set_flow_control
                0x0000000008000b7a        0xc /home/alejandro/Desktop/pruebas/miniblink/libopencm3-examples/libopencm3/lib/libopencm3_stm32f4.a(usart_common_all.o)
                0x0000000008000b7a                usart_set_flow_control
 .text.usart_enable
                0x0000000008000b86        0xa /home/alejandro/Desktop/pruebas/miniblink/libopencm3-examples/libopencm3/lib/libopencm3_stm32f4.a(usart_common_all.o)
                0x0000000008000b86                usart_enable
 .text.usart_enable_rx_interrupt
                0x0000000008000b90        0xa /home/alejandro/Desktop/pruebas/miniblink/libopencm3-examples/libopencm3/lib/libopencm3_stm32f4.a(usart_common_all.o)
                0x0000000008000b90                usart_enable_rx_interrupt
 .text.blocking_handler
                0x0000000008000b9a        0x2 /home/alejandro/Desktop/pruebas/miniblink/libopencm3-examples/libopencm3/lib/libopencm3_stm32f4.a(vector.o)
                0x0000000008000b9a                dma2_stream1_isr
                0x0000000008000b9a                tim8_brk_tim12_isr
                0x0000000008000b9a                dma1_stream7_isr
                0x0000000008000b9a                usart3_isr
                0x0000000008000b9a                tim7_isr
                0x0000000008000b9a                dma2d_isr
                0x0000000008000b9a                uart8_isr
                0x0000000008000b9a                dma1_stream2_isr
                0x0000000008000b9a                otg_hs_isr
                0x0000000008000b9a                blocking_handler
                0x0000000008000b9a                tim5_isr
                0x0000000008000b9a                rtc_wkup_isr
                0x0000000008000b9a                otg_fs_isr
                0x0000000008000b9a                spi1_isr
                0x0000000008000b9a                i2c3_er_isr
                0x0000000008000b9a                exti2_isr
                0x0000000008000b9a                spi5_isr
                0x0000000008000b9a                usb_fs_wkup_isr
                0x0000000008000b9a                tamp_stamp_isr
                0x0000000008000b9a                can1_rx1_isr
                0x0000000008000b9a                dma2_stream0_isr
                0x0000000008000b9a                i2c3_ev_isr
                0x0000000008000b9a                usage_fault_handler
                0x0000000008000b9a                can2_rx0_isr
                0x0000000008000b9a                dma1_stream6_isr
                0x0000000008000b9a                can2_rx1_isr
                0x0000000008000b9a                can1_sce_isr
                0x0000000008000b9a                tim1_cc_isr
                0x0000000008000b9a                can1_tx_isr
                0x0000000008000b9a                tim1_up_tim10_isr
                0x0000000008000b9a                sdio_isr
                0x0000000008000b9a                eth_isr
                0x0000000008000b9a                spi6_isr
                0x0000000008000b9a                dma2_stream5_isr
                0x0000000008000b9a                pvd_isr
                0x0000000008000b9a                can1_rx0_isr
                0x0000000008000b9a                rcc_isr
                0x0000000008000b9a                dma2_stream3_isr
                0x0000000008000b9a                flash_isr
                0x0000000008000b9a                uart4_isr
                0x0000000008000b9a                lcd_tft_isr
                0x0000000008000b9a                rtc_alarm_isr
                0x0000000008000b9a                exti15_10_isr
                0x0000000008000b9a                hash_rng_isr
                0x0000000008000b9a                tim1_trg_com_tim11_isr
                0x0000000008000b9a                hard_fault_handler
                0x0000000008000b9a                exti1_isr
                0x0000000008000b9a                i2c1_ev_isr
                0x0000000008000b9a                usart6_isr
                0x0000000008000b9a                spi2_isr
                0x0000000008000b9a                cryp_isr
                0x0000000008000b9a                nvic_wwdg_isr
                0x0000000008000b9a                dma1_stream1_isr
                0x0000000008000b9a                dma2_stream4_isr
                0x0000000008000b9a                exti3_isr
                0x0000000008000b9a                tim3_isr
                0x0000000008000b9a                usart2_isr
                0x0000000008000b9a                sai1_isr
                0x0000000008000b9a                fpu_isr
                0x0000000008000b9a                dma1_stream4_isr
                0x0000000008000b9a                i2c2_er_isr
                0x0000000008000b9a                i2c2_ev_isr
                0x0000000008000b9a                uart5_isr
                0x0000000008000b9a                dma2_stream6_isr
                0x0000000008000b9a                spi4_isr
                0x0000000008000b9a                adc_isr
                0x0000000008000b9a                dma2_stream7_isr
                0x0000000008000b9a                tim8_up_tim13_isr
                0x0000000008000b9a                fsmc_isr
                0x0000000008000b9a                exti4_isr
                0x0000000008000b9a                tim6_dac_isr
                0x0000000008000b9a                dma1_stream3_isr
                0x0000000008000b9a                tim8_trg_com_tim14_isr
                0x0000000008000b9a                mem_manage_handler
                0x0000000008000b9a                lcd_tft_err_isr
                0x0000000008000b9a                can2_tx_isr
                0x0000000008000b9a                exti9_5_isr
                0x0000000008000b9a                tim1_brk_tim9_isr
                0x0000000008000b9a                uart7_isr
                0x0000000008000b9a                can2_sce_isr
                0x0000000008000b9a                tim4_isr
                0x0000000008000b9a                otg_hs_wkup_isr
                0x0000000008000b9a                i2c1_er_isr
                0x0000000008000b9a                dma1_stream0_isr
                0x0000000008000b9a                tim8_cc_isr
                0x0000000008000b9a                dcmi_isr
                0x0000000008000b9a                dma2_stream2_isr
                0x0000000008000b9a                eth_wkup_isr
                0x0000000008000b9a                bus_fault_handler
                0x0000000008000b9a                otg_hs_ep1_out_isr
                0x0000000008000b9a                spi3_isr
                0x0000000008000b9a                dma1_stream5_isr
                0x0000000008000b9a                otg_hs_ep1_in_isr
                0x0000000008000b9a                tim2_isr
                0x0000000008000b9a                exti0_isr
 .text.null_handler
                0x0000000008000b9c        0x2 /home/alejandro/Desktop/pruebas/miniblink/libopencm3-examples/libopencm3/lib/libopencm3_stm32f4.a(vector.o)
                0x0000000008000b9c                null_handler
                0x0000000008000b9c                sv_call_handler
                0x0000000008000b9c                pend_sv_handler
                0x0000000008000b9c                debug_monitor_handler
                0x0000000008000b9c                nmi_handler
 *fill*         0x0000000008000b9e        0x2 
 .text.reset_handler
                0x0000000008000ba0       0x98 /home/alejandro/Desktop/pruebas/miniblink/libopencm3-examples/libopencm3/lib/libopencm3_stm32f4.a(vector.o)
                0x0000000008000ba0                reset_handler
 .text.systick_set_reload
                0x0000000008000c38       0x10 /home/alejandro/Desktop/pruebas/miniblink/libopencm3-examples/libopencm3/lib/libopencm3_stm32f4.a(systick.o)
                0x0000000008000c38                systick_set_reload
 .text.systick_set_clocksource
                0x0000000008000c48       0x18 /home/alejandro/Desktop/pruebas/miniblink/libopencm3-examples/libopencm3/lib/libopencm3_stm32f4.a(systick.o)
                0x0000000008000c48                systick_set_clocksource
 .text.systick_interrupt_enable
                0x0000000008000c60       0x10 /home/alejandro/Desktop/pruebas/miniblink/libopencm3-examples/libopencm3/lib/libopencm3_stm32f4.a(systick.o)
                0x0000000008000c60                systick_interrupt_enable
 .text.systick_counter_enable
                0x0000000008000c70       0x10 /home/alejandro/Desktop/pruebas/miniblink/libopencm3-examples/libopencm3/lib/libopencm3_stm32f4.a(systick.o)
                0x0000000008000c70                systick_counter_enable
 .text.scb_reset_system
                0x0000000008000c80       0x10 /home/alejandro/Desktop/pruebas/miniblink/libopencm3-examples/libopencm3/lib/libopencm3_stm32f4.a(scb.o)
                0x0000000008000c80                scb_reset_system
 .text.nvic_enable_irq
                0x0000000008000c90       0x1c /home/alejandro/Desktop/pruebas/miniblink/libopencm3-examples/libopencm3/lib/libopencm3_stm32f4.a(nvic.o)
                0x0000000008000c90                nvic_enable_irq
 .text.flash_set_ws
                0x0000000008000cac       0x14 /home/alejandro/Desktop/pruebas/miniblink/libopencm3-examples/libopencm3/lib/libopencm3_stm32f4.a(flash_common_all.o)
                0x0000000008000cac                flash_set_ws
 .text.flash_dcache_enable
                0x0000000008000cc0       0x10 /home/alejandro/Desktop/pruebas/miniblink/libopencm3-examples/libopencm3/lib/libopencm3_stm32f4.a(flash_common_idcache.o)
                0x0000000008000cc0                flash_dcache_enable
 .text.flash_dcache_disable
                0x0000000008000cd0       0x10 /home/alejandro/Desktop/pruebas/miniblink/libopencm3-examples/libopencm3/lib/libopencm3_stm32f4.a(flash_common_idcache.o)
                0x0000000008000cd0                flash_dcache_disable
 .text.flash_icache_enable
                0x0000000008000ce0       0x10 /home/alejandro/Desktop/pruebas/miniblink/libopencm3-examples/libopencm3/lib/libopencm3_stm32f4.a(flash_common_idcache.o)
                0x0000000008000ce0                flash_icache_enable
 .text.flash_icache_disable
                0x0000000008000cf0       0x10 /home/alejandro/Desktop/pruebas/miniblink/libopencm3-examples/libopencm3/lib/libopencm3_stm32f4.a(flash_common_idcache.o)
                0x0000000008000cf0                flash_icache_disable
 .text.pwr_set_vos_scale
                0x0000000008000d00       0x18 /home/alejandro/Desktop/pruebas/miniblink/libopencm3-examples/libopencm3/lib/libopencm3_stm32f4.a(pwr.o)
                0x0000000008000d00                pwr_set_vos_scale
                0x0000000008000d18                . = ALIGN (0x4)
 *(.rodata*)
 .rodata.main.str1.1
                0x0000000008000d18       0x3a spi-mems.o
                                         0x3c (size before relaxing)
 *fill*         0x0000000008000d52        0x2 
 .rodata.rcc_hse_8mhz_3v3
                0x0000000008000d54       0x54 /home/alejandro/Desktop/pruebas/miniblink/libopencm3-examples/libopencm3/lib/libopencm3_stm32f4.a(rcc.o)
                0x0000000008000d54                rcc_hse_8mhz_3v3
                0x0000000008000da8                . = ALIGN (0x4)

.glue_7         0x0000000008000da8        0x0
 .glue_7        0x0000000008000da8        0x0 linker stubs

.glue_7t        0x0000000008000da8        0x0
 .glue_7t       0x0000000008000da8        0x0 linker stubs

.vfp11_veneer   0x0000000008000da8        0x0
 .vfp11_veneer  0x0000000008000da8        0x0 linker stubs

.v4_bx          0x0000000008000da8        0x0
 .v4_bx         0x0000000008000da8        0x0 linker stubs

.iplt           0x0000000008000da8        0x0
 .iplt          0x0000000008000da8        0x0 clock.o

.rel.dyn        0x0000000008000da8        0x0
 .rel.iplt      0x0000000008000da8        0x0 clock.o

.preinit_array  0x0000000008000da8        0x0
                0x0000000008000da8                . = ALIGN (0x4)
                0x0000000008000da8                __preinit_array_start = .
 *(.preinit_array)
                0x0000000008000da8                __preinit_array_end = .

.init_array     0x0000000008000da8        0x0
                0x0000000008000da8                . = ALIGN (0x4)
                0x0000000008000da8                __init_array_start = .
 *(SORT_BY_NAME(.init_array.*))
 *(.init_array)
                0x0000000008000da8                __init_array_end = .

.fini_array     0x0000000008000da8        0x0
                0x0000000008000da8                . = ALIGN (0x4)
                0x0000000008000da8                __fini_array_start = .
 *(.fini_array)
 *(SORT_BY_NAME(.fini_array.*))
                0x0000000008000da8                __fini_array_end = .

.ARM.extab
 *(.ARM.extab*)

.ARM.exidx      0x0000000008000da8        0x0
                0x0000000008000da8                __exidx_start = .
 *(.ARM.exidx*)
                0x0000000008000da8                __exidx_end = .
                0x0000000008000da8                . = ALIGN (0x4)
                0x0000000008000da8                _etext = .

.noinit
 *(.noinit*)
                0x0000000008000da8                . = ALIGN (0x4)

.data           0x0000000020000000        0xc load address 0x0000000008000da8
                0x0000000020000000                _data = .
 *(.data*)
 .data.rcc_ahb_frequency
                0x0000000020000000        0x4 /home/alejandro/Desktop/pruebas/miniblink/libopencm3-examples/libopencm3/lib/libopencm3_stm32f4.a(rcc.o)
                0x0000000020000000                rcc_ahb_frequency
 .data.rcc_apb1_frequency
                0x0000000020000004        0x4 /home/alejandro/Desktop/pruebas/miniblink/libopencm3-examples/libopencm3/lib/libopencm3_stm32f4.a(rcc.o)
                0x0000000020000004                rcc_apb1_frequency
 .data.rcc_apb2_frequency
                0x0000000020000008        0x4 /home/alejandro/Desktop/pruebas/miniblink/libopencm3-examples/libopencm3/lib/libopencm3_stm32f4.a(rcc.o)
                0x0000000020000008                rcc_apb2_frequency
 *(.ramtext*)
                0x000000002000000c                . = ALIGN (0x4)
                0x000000002000000c                _edata = .
                0x0000000008000da8                _data_loadaddr = LOADADDR (.data)

.igot.plt       0x000000002000000c        0x0 load address 0x0000000008000db4
 .igot.plt      0x000000002000000c        0x0 clock.o

.bss            0x000000002000000c       0x8c load address 0x0000000008000db4
 *(.bss*)
 .bss.system_millis
                0x000000002000000c        0x4 clock.o
 .bss.recv_buf  0x0000000020000010       0x80 console.o
                0x0000000020000010                recv_buf
 .bss.recv_ndx_cur
                0x0000000020000090        0x4 console.o
                0x0000000020000090                recv_ndx_cur
 .bss.recv_ndx_nxt
                0x0000000020000094        0x4 console.o
                0x0000000020000094                recv_ndx_nxt
 *(COMMON)
                0x0000000020000098                . = ALIGN (0x4)
                0x0000000020000098                _ebss = .

/DISCARD/
 *(.eh_frame)
                0x0000000020000098                . = ALIGN (0x4)
                0x0000000020000098                end = .
                0x0000000020030000                PROVIDE (_stack = (ORIGIN (ram) + LENGTH (ram)))
OUTPUT(spi-mems.elf elf32-littlearm)
LOAD linker stubs

.debug_info     0x0000000000000000     0x7097
 .debug_info    0x0000000000000000      0x351 clock.o
 .debug_info    0x0000000000000351      0xac7 console.o
 .debug_info    0x0000000000000e18     0x1bb5 spi-mems.o
 .debug_info    0x00000000000029cd      0x24e /home/alejandro/Desktop/pruebas/miniblink/libopencm3-examples/libopencm3/lib/libopencm3_stm32f4.a(gpio_common_all.o)
 .debug_info    0x0000000000002c1b      0x20f /home/alejandro/Desktop/pruebas/miniblink/libopencm3-examples/libopencm3/lib/libopencm3_stm32f4.a(gpio_common_f0234.o)
 .debug_info    0x0000000000002e2a      0xaca /home/alejandro/Desktop/pruebas/miniblink/libopencm3-examples/libopencm3/lib/libopencm3_stm32f4.a(rcc_common_all.o)
 .debug_info    0x00000000000038f4     0x1124 /home/alejandro/Desktop/pruebas/miniblink/libopencm3-examples/libopencm3/lib/libopencm3_stm32f4.a(rcc.o)
 .debug_info    0x0000000000004a18      0xbd0 /home/alejandro/Desktop/pruebas/miniblink/libopencm3-examples/libopencm3/lib/libopencm3_stm32f4.a(spi_common_all.o)
 .debug_info    0x00000000000055e8      0x71e /home/alejandro/Desktop/pruebas/miniblink/libopencm3-examples/libopencm3/lib/libopencm3_stm32f4.a(usart_common_all.o)
 .debug_info    0x0000000000005d06      0x2e6 /home/alejandro/Desktop/pruebas/miniblink/libopencm3-examples/libopencm3/lib/libopencm3_stm32f4.a(vector.o)
 .debug_info    0x0000000000005fec      0x268 /home/alejandro/Desktop/pruebas/miniblink/libopencm3-examples/libopencm3/lib/libopencm3_stm32f4.a(systick.o)
 .debug_info    0x0000000000006254      0x962 /home/alejandro/Desktop/pruebas/miniblink/libopencm3-examples/libopencm3/lib/libopencm3_stm32f4.a(scb.o)
 .debug_info    0x0000000000006bb6      0x22d /home/alejandro/Desktop/pruebas/miniblink/libopencm3-examples/libopencm3/lib/libopencm3_stm32f4.a(nvic.o)
 .debug_info    0x0000000000006de3       0xf0 /home/alejandro/Desktop/pruebas/miniblink/libopencm3-examples/libopencm3/lib/libopencm3_stm32f4.a(flash_common_all.o)
 .debug_info    0x0000000000006ed3       0xe8 /home/alejandro/Desktop/pruebas/miniblink/libopencm3-examples/libopencm3/lib/libopencm3_stm32f4.a(flash_common_idcache.o)
 .debug_info    0x0000000000006fbb       0xdc /home/alejandro/Desktop/pruebas/miniblink/libopencm3-examples/libopencm3/lib/libopencm3_stm32f4.a(pwr.o)

.debug_abbrev   0x0000000000000000     0x1844
 .debug_abbrev  0x0000000000000000      0x1a7 clock.o
 .debug_abbrev  0x00000000000001a7      0x248 console.o
 .debug_abbrev  0x00000000000003ef      0x32c spi-mems.o
 .debug_abbrev  0x000000000000071b      0x116 /home/alejandro/Desktop/pruebas/miniblink/libopencm3-examples/libopencm3/lib/libopencm3_stm32f4.a(gpio_common_all.o)
 .debug_abbrev  0x0000000000000831       0xbf /home/alejandro/Desktop/pruebas/miniblink/libopencm3-examples/libopencm3/lib/libopencm3_stm32f4.a(gpio_common_f0234.o)
 .debug_abbrev  0x00000000000008f0      0x1da /home/alejandro/Desktop/pruebas/miniblink/libopencm3-examples/libopencm3/lib/libopencm3_stm32f4.a(rcc_common_all.o)
 .debug_abbrev  0x0000000000000aca      0x2d1 /home/alejandro/Desktop/pruebas/miniblink/libopencm3-examples/libopencm3/lib/libopencm3_stm32f4.a(rcc.o)
 .debug_abbrev  0x0000000000000d9b      0x244 /home/alejandro/Desktop/pruebas/miniblink/libopencm3-examples/libopencm3/lib/libopencm3_stm32f4.a(spi_common_all.o)
 .debug_abbrev  0x0000000000000fdf      0x182 /home/alejandro/Desktop/pruebas/miniblink/libopencm3-examples/libopencm3/lib/libopencm3_stm32f4.a(usart_common_all.o)
 .debug_abbrev  0x0000000000001161      0x15b /home/alejandro/Desktop/pruebas/miniblink/libopencm3-examples/libopencm3/lib/libopencm3_stm32f4.a(vector.o)
 .debug_abbrev  0x00000000000012bc      0x155 /home/alejandro/Desktop/pruebas/miniblink/libopencm3-examples/libopencm3/lib/libopencm3_stm32f4.a(systick.o)
 .debug_abbrev  0x0000000000001411      0x1f2 /home/alejandro/Desktop/pruebas/miniblink/libopencm3-examples/libopencm3/lib/libopencm3_stm32f4.a(scb.o)
 .debug_abbrev  0x0000000000001603       0xb5 /home/alejandro/Desktop/pruebas/miniblink/libopencm3-examples/libopencm3/lib/libopencm3_stm32f4.a(nvic.o)
 .debug_abbrev  0x00000000000016b8       0x9a /home/alejandro/Desktop/pruebas/miniblink/libopencm3-examples/libopencm3/lib/libopencm3_stm32f4.a(flash_common_all.o)
 .debug_abbrev  0x0000000000001752       0x56 /home/alejandro/Desktop/pruebas/miniblink/libopencm3-examples/libopencm3/lib/libopencm3_stm32f4.a(flash_common_idcache.o)
 .debug_abbrev  0x00000000000017a8       0x9c /home/alejandro/Desktop/pruebas/miniblink/libopencm3-examples/libopencm3/lib/libopencm3_stm32f4.a(pwr.o)

.debug_loc      0x0000000000000000     0x1911
 .debug_loc     0x0000000000000000       0x3a clock.o
 .debug_loc     0x000000000000003a      0x1f3 console.o
 .debug_loc     0x000000000000022d      0x20c spi-mems.o
 .debug_loc     0x0000000000000439       0xbe /home/alejandro/Desktop/pruebas/miniblink/libopencm3-examples/libopencm3/lib/libopencm3_stm32f4.a(gpio_common_all.o)
 .debug_loc     0x00000000000004f7      0x14d /home/alejandro/Desktop/pruebas/miniblink/libopencm3-examples/libopencm3/lib/libopencm3_stm32f4.a(gpio_common_f0234.o)
 .debug_loc     0x0000000000000644      0x120 /home/alejandro/Desktop/pruebas/miniblink/libopencm3-examples/libopencm3/lib/libopencm3_stm32f4.a(rcc_common_all.o)
 .debug_loc     0x0000000000000764      0x8c7 /home/alejandro/Desktop/pruebas/miniblink/libopencm3-examples/libopencm3/lib/libopencm3_stm32f4.a(rcc.o)
 .debug_loc     0x000000000000102b      0x226 /home/alejandro/Desktop/pruebas/miniblink/libopencm3-examples/libopencm3/lib/libopencm3_stm32f4.a(spi_common_all.o)
 .debug_loc     0x0000000000001251      0x206 /home/alejandro/Desktop/pruebas/miniblink/libopencm3-examples/libopencm3/lib/libopencm3_stm32f4.a(usart_common_all.o)
 .debug_loc     0x0000000000001457      0x128 /home/alejandro/Desktop/pruebas/miniblink/libopencm3-examples/libopencm3/lib/libopencm3_stm32f4.a(vector.o)
 .debug_loc     0x000000000000157f      0x192 /home/alejandro/Desktop/pruebas/miniblink/libopencm3-examples/libopencm3/lib/libopencm3_stm32f4.a(systick.o)
 .debug_loc     0x0000000000001711       0x25 /home/alejandro/Desktop/pruebas/miniblink/libopencm3-examples/libopencm3/lib/libopencm3_stm32f4.a(scb.o)
 .debug_loc     0x0000000000001736      0x14d /home/alejandro/Desktop/pruebas/miniblink/libopencm3-examples/libopencm3/lib/libopencm3_stm32f4.a(nvic.o)
 .debug_loc     0x0000000000001883       0x47 /home/alejandro/Desktop/pruebas/miniblink/libopencm3-examples/libopencm3/lib/libopencm3_stm32f4.a(flash_common_all.o)
 .debug_loc     0x00000000000018ca       0x47 /home/alejandro/Desktop/pruebas/miniblink/libopencm3-examples/libopencm3/lib/libopencm3_stm32f4.a(pwr.o)

.debug_aranges  0x0000000000000000      0x6c8
 .debug_aranges
                0x0000000000000000       0x38 clock.o
 .debug_aranges
                0x0000000000000038       0x48 console.o
 .debug_aranges
                0x0000000000000080       0x30 spi-mems.o
 .debug_aranges
                0x00000000000000b0       0x50 /home/alejandro/Desktop/pruebas/miniblink/libopencm3-examples/libopencm3/lib/libopencm3_stm32f4.a(gpio_common_all.o)
 .debug_aranges
                0x0000000000000100       0x30 /home/alejandro/Desktop/pruebas/miniblink/libopencm3-examples/libopencm3/lib/libopencm3_stm32f4.a(gpio_common_f0234.o)
 .debug_aranges
                0x0000000000000130       0x60 /home/alejandro/Desktop/pruebas/miniblink/libopencm3-examples/libopencm3/lib/libopencm3_stm32f4.a(rcc_common_all.o)
 .debug_aranges
                0x0000000000000190      0x110 /home/alejandro/Desktop/pruebas/miniblink/libopencm3-examples/libopencm3/lib/libopencm3_stm32f4.a(rcc.o)
 .debug_aranges
                0x00000000000002a0      0x178 /home/alejandro/Desktop/pruebas/miniblink/libopencm3-examples/libopencm3/lib/libopencm3_stm32f4.a(spi_common_all.o)
 .debug_aranges
                0x0000000000000418       0xd8 /home/alejandro/Desktop/pruebas/miniblink/libopencm3-examples/libopencm3/lib/libopencm3_stm32f4.a(usart_common_all.o)
 .debug_aranges
                0x00000000000004f0       0x30 /home/alejandro/Desktop/pruebas/miniblink/libopencm3-examples/libopencm3/lib/libopencm3_stm32f4.a(vector.o)
 .debug_aranges
                0x0000000000000520       0x78 /home/alejandro/Desktop/pruebas/miniblink/libopencm3-examples/libopencm3/lib/libopencm3_stm32f4.a(systick.o)
 .debug_aranges
                0x0000000000000598       0x30 /home/alejandro/Desktop/pruebas/miniblink/libopencm3-examples/libopencm3/lib/libopencm3_stm32f4.a(scb.o)
 .debug_aranges
                0x00000000000005c8       0x60 /home/alejandro/Desktop/pruebas/miniblink/libopencm3-examples/libopencm3/lib/libopencm3_stm32f4.a(nvic.o)
 .debug_aranges
                0x0000000000000628       0x38 /home/alejandro/Desktop/pruebas/miniblink/libopencm3-examples/libopencm3/lib/libopencm3_stm32f4.a(flash_common_all.o)
 .debug_aranges
                0x0000000000000660       0x48 /home/alejandro/Desktop/pruebas/miniblink/libopencm3-examples/libopencm3/lib/libopencm3_stm32f4.a(flash_common_idcache.o)
 .debug_aranges
                0x00000000000006a8       0x20 /home/alejandro/Desktop/pruebas/miniblink/libopencm3-examples/libopencm3/lib/libopencm3_stm32f4.a(pwr.o)

.debug_ranges   0x0000000000000000      0x670
 .debug_ranges  0x0000000000000000       0x28 clock.o
 .debug_ranges  0x0000000000000028       0x38 console.o
 .debug_ranges  0x0000000000000060       0x38 spi-mems.o
 .debug_ranges  0x0000000000000098       0x40 /home/alejandro/Desktop/pruebas/miniblink/libopencm3-examples/libopencm3/lib/libopencm3_stm32f4.a(gpio_common_all.o)
 .debug_ranges  0x00000000000000d8       0x20 /home/alejandro/Desktop/pruebas/miniblink/libopencm3-examples/libopencm3/lib/libopencm3_stm32f4.a(gpio_common_f0234.o)
 .debug_ranges  0x00000000000000f8       0x50 /home/alejandro/Desktop/pruebas/miniblink/libopencm3-examples/libopencm3/lib/libopencm3_stm32f4.a(rcc_common_all.o)
 .debug_ranges  0x0000000000000148      0x178 /home/alejandro/Desktop/pruebas/miniblink/libopencm3-examples/libopencm3/lib/libopencm3_stm32f4.a(rcc.o)
 .debug_ranges  0x00000000000002c0      0x168 /home/alejandro/Desktop/pruebas/miniblink/libopencm3-examples/libopencm3/lib/libopencm3_stm32f4.a(spi_common_all.o)
 .debug_ranges  0x0000000000000428       0xc8 /home/alejandro/Desktop/pruebas/miniblink/libopencm3-examples/libopencm3/lib/libopencm3_stm32f4.a(usart_common_all.o)
 .debug_ranges  0x00000000000004f0       0x20 /home/alejandro/Desktop/pruebas/miniblink/libopencm3-examples/libopencm3/lib/libopencm3_stm32f4.a(vector.o)
 .debug_ranges  0x0000000000000510       0x80 /home/alejandro/Desktop/pruebas/miniblink/libopencm3-examples/libopencm3/lib/libopencm3_stm32f4.a(systick.o)
 .debug_ranges  0x0000000000000590       0x20 /home/alejandro/Desktop/pruebas/miniblink/libopencm3-examples/libopencm3/lib/libopencm3_stm32f4.a(scb.o)
 .debug_ranges  0x00000000000005b0       0x50 /home/alejandro/Desktop/pruebas/miniblink/libopencm3-examples/libopencm3/lib/libopencm3_stm32f4.a(nvic.o)
 .debug_ranges  0x0000000000000600       0x28 /home/alejandro/Desktop/pruebas/miniblink/libopencm3-examples/libopencm3/lib/libopencm3_stm32f4.a(flash_common_all.o)
 .debug_ranges  0x0000000000000628       0x38 /home/alejandro/Desktop/pruebas/miniblink/libopencm3-examples/libopencm3/lib/libopencm3_stm32f4.a(flash_common_idcache.o)
 .debug_ranges  0x0000000000000660       0x10 /home/alejandro/Desktop/pruebas/miniblink/libopencm3-examples/libopencm3/lib/libopencm3_stm32f4.a(pwr.o)

.debug_macro    0x0000000000000000     0x5e30
 .debug_macro   0x0000000000000000       0xc1 clock.o
 .debug_macro   0x00000000000000c1      0xaa2 clock.o
 .debug_macro   0x0000000000000b63       0x1c clock.o
 .debug_macro   0x0000000000000b7f      0x34e clock.o
 .debug_macro   0x0000000000000ecd       0x22 clock.o
 .debug_macro   0x0000000000000eef       0xe8 clock.o
 .debug_macro   0x0000000000000fd7       0x76 clock.o
 .debug_macro   0x000000000000104d      0x280 clock.o
 .debug_macro   0x00000000000012cd       0x8e clock.o
 .debug_macro   0x000000000000135b       0x28 clock.o
 .debug_macro   0x0000000000001383      0xcea clock.o
 .debug_macro   0x000000000000206d       0x6e clock.o
 .debug_macro   0x00000000000020db      0x22c clock.o
 .debug_macro   0x0000000000002307       0x6f clock.o
 .debug_macro   0x0000000000002376      0x1b6 console.o
 .debug_macro   0x000000000000252c       0x22 console.o
 .debug_macro   0x000000000000254e       0x52 console.o
 .debug_macro   0x00000000000025a0       0x18 console.o
 .debug_macro   0x00000000000025b8       0x5c console.o
 .debug_macro   0x0000000000002614       0x35 console.o
 .debug_macro   0x0000000000002649       0x34 console.o
 .debug_macro   0x000000000000267d       0x76 console.o
 .debug_macro   0x00000000000026f3      0x37e console.o
 .debug_macro   0x0000000000002a71       0xca console.o
 .debug_macro   0x0000000000002b3b       0x94 console.o
 .debug_macro   0x0000000000002bcf      0x29e console.o
 .debug_macro   0x0000000000002e6d       0xa0 console.o
 .debug_macro   0x0000000000002f0d       0x70 console.o
 .debug_macro   0x0000000000002f7d      0x458 console.o
 .debug_macro   0x00000000000033d5       0x1f console.o
 .debug_macro   0x00000000000033f4       0x16 console.o
 .debug_macro   0x000000000000340a      0x2b1 spi-mems.o
 .debug_macro   0x00000000000036bb      0x16d spi-mems.o
 .debug_macro   0x0000000000003828       0x16 spi-mems.o
 .debug_macro   0x000000000000383e       0x43 spi-mems.o
 .debug_macro   0x0000000000003881       0x57 spi-mems.o
 .debug_macro   0x00000000000038d8       0x34 spi-mems.o
 .debug_macro   0x000000000000390c       0x10 spi-mems.o
 .debug_macro   0x000000000000391c       0x52 spi-mems.o
 .debug_macro   0x000000000000396e      0x182 spi-mems.o
 .debug_macro   0x0000000000003af0      0x35c spi-mems.o
 .debug_macro   0x0000000000003e4c       0xde spi-mems.o
 .debug_macro   0x0000000000003f2a       0x10 spi-mems.o
 .debug_macro   0x0000000000003f3a       0x76 spi-mems.o
 .debug_macro   0x0000000000003fb0       0x58 spi-mems.o
 .debug_macro   0x0000000000004008      0x2eb spi-mems.o
 .debug_macro   0x00000000000042f3       0x16 spi-mems.o
 .debug_macro   0x0000000000004309       0x22 spi-mems.o
 .debug_macro   0x000000000000432b       0x88 /home/alejandro/Desktop/pruebas/miniblink/libopencm3-examples/libopencm3/lib/libopencm3_stm32f4.a(gpio_common_all.o)
 .debug_macro   0x00000000000043b3      0xa9c /home/alejandro/Desktop/pruebas/miniblink/libopencm3-examples/libopencm3/lib/libopencm3_stm32f4.a(gpio_common_all.o)
 .debug_macro   0x0000000000004e4f       0x88 /home/alejandro/Desktop/pruebas/miniblink/libopencm3-examples/libopencm3/lib/libopencm3_stm32f4.a(gpio_common_f0234.o)
 .debug_macro   0x0000000000004ed7       0xa7 /home/alejandro/Desktop/pruebas/miniblink/libopencm3-examples/libopencm3/lib/libopencm3_stm32f4.a(rcc_common_all.o)
 .debug_macro   0x0000000000004f7e       0xdb /home/alejandro/Desktop/pruebas/miniblink/libopencm3-examples/libopencm3/lib/libopencm3_stm32f4.a(rcc.o)
 .debug_macro   0x0000000000005059       0x16 /home/alejandro/Desktop/pruebas/miniblink/libopencm3-examples/libopencm3/lib/libopencm3_stm32f4.a(rcc.o)
 .debug_macro   0x000000000000506f       0x1c /home/alejandro/Desktop/pruebas/miniblink/libopencm3-examples/libopencm3/lib/libopencm3_stm32f4.a(rcc.o)
 .debug_macro   0x000000000000508b      0x143 /home/alejandro/Desktop/pruebas/miniblink/libopencm3-examples/libopencm3/lib/libopencm3_stm32f4.a(rcc.o)
 .debug_macro   0x00000000000051ce       0x10 /home/alejandro/Desktop/pruebas/miniblink/libopencm3-examples/libopencm3/lib/libopencm3_stm32f4.a(rcc.o)
 .debug_macro   0x00000000000051de       0xb6 /home/alejandro/Desktop/pruebas/miniblink/libopencm3-examples/libopencm3/lib/libopencm3_stm32f4.a(spi_common_all.o)
 .debug_macro   0x0000000000005294       0xc2 /home/alejandro/Desktop/pruebas/miniblink/libopencm3-examples/libopencm3/lib/libopencm3_stm32f4.a(usart_common_all.o)
 .debug_macro   0x0000000000005356       0x8a /home/alejandro/Desktop/pruebas/miniblink/libopencm3-examples/libopencm3/lib/libopencm3_stm32f4.a(vector.o)
 .debug_macro   0x00000000000053e0      0x452 /home/alejandro/Desktop/pruebas/miniblink/libopencm3-examples/libopencm3/lib/libopencm3_stm32f4.a(vector.o)
 .debug_macro   0x0000000000005832       0x49 /home/alejandro/Desktop/pruebas/miniblink/libopencm3-examples/libopencm3/lib/libopencm3_stm32f4.a(systick.o)
 .debug_macro   0x000000000000587b       0x69 /home/alejandro/Desktop/pruebas/miniblink/libopencm3-examples/libopencm3/lib/libopencm3_stm32f4.a(systick.o)
 .debug_macro   0x00000000000058e4      0x123 /home/alejandro/Desktop/pruebas/miniblink/libopencm3-examples/libopencm3/lib/libopencm3_stm32f4.a(scb.o)
 .debug_macro   0x0000000000005a07       0x16 /home/alejandro/Desktop/pruebas/miniblink/libopencm3-examples/libopencm3/lib/libopencm3_stm32f4.a(scb.o)
 .debug_macro   0x0000000000005a1d      0x10e /home/alejandro/Desktop/pruebas/miniblink/libopencm3-examples/libopencm3/lib/libopencm3_stm32f4.a(scb.o)
 .debug_macro   0x0000000000005b2b       0x86 /home/alejandro/Desktop/pruebas/miniblink/libopencm3-examples/libopencm3/lib/libopencm3_stm32f4.a(scb.o)
 .debug_macro   0x0000000000005bb1       0x22 /home/alejandro/Desktop/pruebas/miniblink/libopencm3-examples/libopencm3/lib/libopencm3_stm32f4.a(scb.o)
 .debug_macro   0x0000000000005bd3       0x6a /home/alejandro/Desktop/pruebas/miniblink/libopencm3-examples/libopencm3/lib/libopencm3_stm32f4.a(nvic.o)
 .debug_macro   0x0000000000005c3d       0x68 /home/alejandro/Desktop/pruebas/miniblink/libopencm3-examples/libopencm3/lib/libopencm3_stm32f4.a(nvic.o)
 .debug_macro   0x0000000000005ca5       0x8e /home/alejandro/Desktop/pruebas/miniblink/libopencm3-examples/libopencm3/lib/libopencm3_stm32f4.a(flash_common_all.o)
 .debug_macro   0x0000000000005d33       0x8e /home/alejandro/Desktop/pruebas/miniblink/libopencm3-examples/libopencm3/lib/libopencm3_stm32f4.a(flash_common_idcache.o)
 .debug_macro   0x0000000000005dc1       0x6f /home/alejandro/Desktop/pruebas/miniblink/libopencm3-examples/libopencm3/lib/libopencm3_stm32f4.a(pwr.o)

.debug_line     0x0000000000000000     0x4291
 .debug_line    0x0000000000000000      0x3b5 clock.o
 .debug_line    0x00000000000003b5      0x708 console.o
 .debug_line    0x0000000000000abd      0x727 spi-mems.o
 .debug_line    0x00000000000011e4      0x2a5 /home/alejandro/Desktop/pruebas/miniblink/libopencm3-examples/libopencm3/lib/libopencm3_stm32f4.a(gpio_common_all.o)
 .debug_line    0x0000000000001489      0x374 /home/alejandro/Desktop/pruebas/miniblink/libopencm3-examples/libopencm3/lib/libopencm3_stm32f4.a(gpio_common_f0234.o)
 .debug_line    0x00000000000017fd      0x30c /home/alejandro/Desktop/pruebas/miniblink/libopencm3-examples/libopencm3/lib/libopencm3_stm32f4.a(rcc_common_all.o)
 .debug_line    0x0000000000001b09      0x9d5 /home/alejandro/Desktop/pruebas/miniblink/libopencm3-examples/libopencm3/lib/libopencm3_stm32f4.a(rcc.o)
 .debug_line    0x00000000000024de      0x80f /home/alejandro/Desktop/pruebas/miniblink/libopencm3-examples/libopencm3/lib/libopencm3_stm32f4.a(spi_common_all.o)
 .debug_line    0x0000000000002ced      0x52b /home/alejandro/Desktop/pruebas/miniblink/libopencm3-examples/libopencm3/lib/libopencm3_stm32f4.a(usart_common_all.o)
 .debug_line    0x0000000000003218      0x321 /home/alejandro/Desktop/pruebas/miniblink/libopencm3-examples/libopencm3/lib/libopencm3_stm32f4.a(vector.o)
 .debug_line    0x0000000000003539      0x26e /home/alejandro/Desktop/pruebas/miniblink/libopencm3-examples/libopencm3/lib/libopencm3_stm32f4.a(systick.o)
 .debug_line    0x00000000000037a7      0x23e /home/alejandro/Desktop/pruebas/miniblink/libopencm3-examples/libopencm3/lib/libopencm3_stm32f4.a(scb.o)
 .debug_line    0x00000000000039e5      0x27e /home/alejandro/Desktop/pruebas/miniblink/libopencm3-examples/libopencm3/lib/libopencm3_stm32f4.a(nvic.o)
 .debug_line    0x0000000000003c63      0x245 /home/alejandro/Desktop/pruebas/miniblink/libopencm3-examples/libopencm3/lib/libopencm3_stm32f4.a(flash_common_all.o)
 .debug_line    0x0000000000003ea8      0x25e /home/alejandro/Desktop/pruebas/miniblink/libopencm3-examples/libopencm3/lib/libopencm3_stm32f4.a(flash_common_idcache.o)
 .debug_line    0x0000000000004106      0x18b /home/alejandro/Desktop/pruebas/miniblink/libopencm3-examples/libopencm3/lib/libopencm3_stm32f4.a(pwr.o)

.debug_str      0x0000000000000000    0x14ec8
 .debug_str     0x0000000000000000     0x983f clock.o
                                       0x9a02 (size before relaxing)
 .debug_str     0x000000000000983f     0x4983 console.o
                                       0xe0ad (size before relaxing)
 .debug_str     0x000000000000e1c2     0x44ed spi-mems.o
                                      0x10405 (size before relaxing)
 .debug_str     0x00000000000126af      0x1a7 /home/alejandro/Desktop/pruebas/miniblink/libopencm3-examples/libopencm3/lib/libopencm3_stm32f4.a(gpio_common_all.o)
                                       0x62c0 (size before relaxing)
 .debug_str     0x0000000000012856       0x79 /home/alejandro/Desktop/pruebas/miniblink/libopencm3-examples/libopencm3/lib/libopencm3_stm32f4.a(gpio_common_f0234.o)
                                       0x62d8 (size before relaxing)
 .debug_str     0x00000000000128cf      0x475 /home/alejandro/Desktop/pruebas/miniblink/libopencm3-examples/libopencm3/lib/libopencm3_stm32f4.a(rcc_common_all.o)
                                       0x9741 (size before relaxing)
 .debug_str     0x0000000000012d44      0xad3 /home/alejandro/Desktop/pruebas/miniblink/libopencm3-examples/libopencm3/lib/libopencm3_stm32f4.a(rcc.o)
                                       0x9e58 (size before relaxing)
 .debug_str     0x0000000000013817      0x32a /home/alejandro/Desktop/pruebas/miniblink/libopencm3-examples/libopencm3/lib/libopencm3_stm32f4.a(spi_common_all.o)
                                       0xa1c1 (size before relaxing)
 .debug_str     0x0000000000013b41      0x1fe /home/alejandro/Desktop/pruebas/miniblink/libopencm3-examples/libopencm3/lib/libopencm3_stm32f4.a(usart_common_all.o)
                                       0xa1c7 (size before relaxing)
 .debug_str     0x0000000000013d3f      0xe72 /home/alejandro/Desktop/pruebas/miniblink/libopencm3-examples/libopencm3/lib/libopencm3_stm32f4.a(vector.o)
                                       0x6b7c (size before relaxing)
 .debug_str     0x0000000000014bb1       0xbd /home/alejandro/Desktop/pruebas/miniblink/libopencm3-examples/libopencm3/lib/libopencm3_stm32f4.a(systick.o)
                                       0x41d9 (size before relaxing)
 .debug_str     0x0000000000014c6e       0xe5 /home/alejandro/Desktop/pruebas/miniblink/libopencm3-examples/libopencm3/lib/libopencm3_stm32f4.a(scb.o)
                                       0x84c5 (size before relaxing)
 .debug_str     0x0000000000014d53       0xc4 /home/alejandro/Desktop/pruebas/miniblink/libopencm3-examples/libopencm3/lib/libopencm3_stm32f4.a(nvic.o)
                                       0x5de7 (size before relaxing)
 .debug_str     0x0000000000014e17       0x64 /home/alejandro/Desktop/pruebas/miniblink/libopencm3-examples/libopencm3/lib/libopencm3_stm32f4.a(flash_common_all.o)
                                       0x5622 (size before relaxing)
 .debug_str     0x0000000000014e7b       0x47 /home/alejandro/Desktop/pruebas/miniblink/libopencm3-examples/libopencm3/lib/libopencm3_stm32f4.a(flash_common_idcache.o)
                                       0x5644 (size before relaxing)
 .debug_str     0x0000000000014ec2        0x6 /home/alejandro/Desktop/pruebas/miniblink/libopencm3-examples/libopencm3/lib/libopencm3_stm32f4.a(pwr.o)
                                       0x5220 (size before relaxing)

.comment        0x0000000000000000       0x59
 .comment       0x0000000000000000       0x59 clock.o
                                         0x5a (size before relaxing)
 .comment       0x0000000000000059       0x5a console.o
 .comment       0x0000000000000059       0x5a spi-mems.o
 .comment       0x0000000000000059       0x5a /home/alejandro/Desktop/pruebas/miniblink/libopencm3-examples/libopencm3/lib/libopencm3_stm32f4.a(gpio_common_all.o)
 .comment       0x0000000000000059       0x5a /home/alejandro/Desktop/pruebas/miniblink/libopencm3-examples/libopencm3/lib/libopencm3_stm32f4.a(gpio_common_f0234.o)
 .comment       0x0000000000000059       0x5a /home/alejandro/Desktop/pruebas/miniblink/libopencm3-examples/libopencm3/lib/libopencm3_stm32f4.a(rcc_common_all.o)
 .comment       0x0000000000000059       0x5a /home/alejandro/Desktop/pruebas/miniblink/libopencm3-examples/libopencm3/lib/libopencm3_stm32f4.a(rcc.o)
 .comment       0x0000000000000059       0x5a /home/alejandro/Desktop/pruebas/miniblink/libopencm3-examples/libopencm3/lib/libopencm3_stm32f4.a(spi_common_all.o)
 .comment       0x0000000000000059       0x5a /home/alejandro/Desktop/pruebas/miniblink/libopencm3-examples/libopencm3/lib/libopencm3_stm32f4.a(usart_common_all.o)
 .comment       0x0000000000000059       0x5a /home/alejandro/Desktop/pruebas/miniblink/libopencm3-examples/libopencm3/lib/libopencm3_stm32f4.a(vector.o)
 .comment       0x0000000000000059       0x5a /home/alejandro/Desktop/pruebas/miniblink/libopencm3-examples/libopencm3/lib/libopencm3_stm32f4.a(systick.o)
 .comment       0x0000000000000059       0x5a /home/alejandro/Desktop/pruebas/miniblink/libopencm3-examples/libopencm3/lib/libopencm3_stm32f4.a(scb.o)
 .comment       0x0000000000000059       0x5a /home/alejandro/Desktop/pruebas/miniblink/libopencm3-examples/libopencm3/lib/libopencm3_stm32f4.a(nvic.o)
 .comment       0x0000000000000059       0x5a /home/alejandro/Desktop/pruebas/miniblink/libopencm3-examples/libopencm3/lib/libopencm3_stm32f4.a(flash_common_all.o)
 .comment       0x0000000000000059       0x5a /home/alejandro/Desktop/pruebas/miniblink/libopencm3-examples/libopencm3/lib/libopencm3_stm32f4.a(flash_common_idcache.o)
 .comment       0x0000000000000059       0x5a /home/alejandro/Desktop/pruebas/miniblink/libopencm3-examples/libopencm3/lib/libopencm3_stm32f4.a(pwr.o)

.ARM.attributes
                0x0000000000000000       0x34
 .ARM.attributes
                0x0000000000000000       0x34 clock.o
 .ARM.attributes
                0x0000000000000034       0x34 console.o
 .ARM.attributes
                0x0000000000000068       0x34 spi-mems.o
 .ARM.attributes
                0x000000000000009c       0x34 /home/alejandro/Desktop/pruebas/miniblink/libopencm3-examples/libopencm3/lib/libopencm3_stm32f4.a(gpio_common_all.o)
 .ARM.attributes
                0x00000000000000d0       0x34 /home/alejandro/Desktop/pruebas/miniblink/libopencm3-examples/libopencm3/lib/libopencm3_stm32f4.a(gpio_common_f0234.o)
 .ARM.attributes
                0x0000000000000104       0x34 /home/alejandro/Desktop/pruebas/miniblink/libopencm3-examples/libopencm3/lib/libopencm3_stm32f4.a(rcc_common_all.o)
 .ARM.attributes
                0x0000000000000138       0x34 /home/alejandro/Desktop/pruebas/miniblink/libopencm3-examples/libopencm3/lib/libopencm3_stm32f4.a(rcc.o)
 .ARM.attributes
                0x000000000000016c       0x34 /home/alejandro/Desktop/pruebas/miniblink/libopencm3-examples/libopencm3/lib/libopencm3_stm32f4.a(spi_common_all.o)
 .ARM.attributes
                0x00000000000001a0       0x34 /home/alejandro/Desktop/pruebas/miniblink/libopencm3-examples/libopencm3/lib/libopencm3_stm32f4.a(usart_common_all.o)
 .ARM.attributes
                0x00000000000001d4       0x34 /home/alejandro/Desktop/pruebas/miniblink/libopencm3-examples/libopencm3/lib/libopencm3_stm32f4.a(vector.o)
 .ARM.attributes
                0x0000000000000208       0x34 /home/alejandro/Desktop/pruebas/miniblink/libopencm3-examples/libopencm3/lib/libopencm3_stm32f4.a(systick.o)
 .ARM.attributes
                0x000000000000023c       0x34 /home/alejandro/Desktop/pruebas/miniblink/libopencm3-examples/libopencm3/lib/libopencm3_stm32f4.a(scb.o)
 .ARM.attributes
                0x0000000000000270       0x34 /home/alejandro/Desktop/pruebas/miniblink/libopencm3-examples/libopencm3/lib/libopencm3_stm32f4.a(nvic.o)
 .ARM.attributes
                0x00000000000002a4       0x34 /home/alejandro/Desktop/pruebas/miniblink/libopencm3-examples/libopencm3/lib/libopencm3_stm32f4.a(flash_common_all.o)
 .ARM.attributes
                0x00000000000002d8       0x34 /home/alejandro/Desktop/pruebas/miniblink/libopencm3-examples/libopencm3/lib/libopencm3_stm32f4.a(flash_common_idcache.o)
 .ARM.attributes
                0x000000000000030c       0x34 /home/alejandro/Desktop/pruebas/miniblink/libopencm3-examples/libopencm3/lib/libopencm3_stm32f4.a(pwr.o)

.debug_frame    0x0000000000000000      0xd00
 .debug_frame   0x0000000000000000       0x5c clock.o
 .debug_frame   0x000000000000005c       0xb0 console.o
 .debug_frame   0x000000000000010c       0x88 spi-mems.o
 .debug_frame   0x0000000000000194       0x80 /home/alejandro/Desktop/pruebas/miniblink/libopencm3-examples/libopencm3/lib/libopencm3_stm32f4.a(gpio_common_all.o)
 .debug_frame   0x0000000000000214       0x70 /home/alejandro/Desktop/pruebas/miniblink/libopencm3-examples/libopencm3/lib/libopencm3_stm32f4.a(gpio_common_f0234.o)
 .debug_frame   0x0000000000000284       0xe0 /home/alejandro/Desktop/pruebas/miniblink/libopencm3-examples/libopencm3/lib/libopencm3_stm32f4.a(rcc_common_all.o)
 .debug_frame   0x0000000000000364      0x234 /home/alejandro/Desktop/pruebas/miniblink/libopencm3-examples/libopencm3/lib/libopencm3_stm32f4.a(rcc.o)
 .debug_frame   0x0000000000000598      0x2d0 /home/alejandro/Desktop/pruebas/miniblink/libopencm3-examples/libopencm3/lib/libopencm3_stm32f4.a(spi_common_all.o)
 .debug_frame   0x0000000000000868      0x1b4 /home/alejandro/Desktop/pruebas/miniblink/libopencm3-examples/libopencm3/lib/libopencm3_stm32f4.a(usart_common_all.o)
 .debug_frame   0x0000000000000a1c       0x4c /home/alejandro/Desktop/pruebas/miniblink/libopencm3-examples/libopencm3/lib/libopencm3_stm32f4.a(vector.o)
 .debug_frame   0x0000000000000a68       0xd8 /home/alejandro/Desktop/pruebas/miniblink/libopencm3-examples/libopencm3/lib/libopencm3_stm32f4.a(systick.o)
 .debug_frame   0x0000000000000b40       0x40 /home/alejandro/Desktop/pruebas/miniblink/libopencm3-examples/libopencm3/lib/libopencm3_stm32f4.a(scb.o)
 .debug_frame   0x0000000000000b80       0xa0 /home/alejandro/Desktop/pruebas/miniblink/libopencm3-examples/libopencm3/lib/libopencm3_stm32f4.a(nvic.o)
 .debug_frame   0x0000000000000c20       0x50 /home/alejandro/Desktop/pruebas/miniblink/libopencm3-examples/libopencm3/lib/libopencm3_stm32f4.a(flash_common_all.o)
 .debug_frame   0x0000000000000c70       0x70 /home/alejandro/Desktop/pruebas/miniblink/libopencm3-examples/libopencm3/lib/libopencm3_stm32f4.a(flash_common_idcache.o)
 .debug_frame   0x0000000000000ce0       0x20 /home/alejandro/Desktop/pruebas/miniblink/libopencm3-examples/libopencm3/lib/libopencm3_stm32f4.a(pwr.o)

Cross Reference Table

Symbol                                            File
__fini_array_end                                  /home/alejandro/Desktop/pruebas/miniblink/libopencm3-examples/libopencm3/lib/libopencm3_stm32f4.a(vector.o)
__fini_array_start                                /home/alejandro/Desktop/pruebas/miniblink/libopencm3-examples/libopencm3/lib/libopencm3_stm32f4.a(vector.o)
__init_array_end                                  /home/alejandro/Desktop/pruebas/miniblink/libopencm3-examples/libopencm3/lib/libopencm3_stm32f4.a(vector.o)
__init_array_start                                /home/alejandro/Desktop/pruebas/miniblink/libopencm3-examples/libopencm3/lib/libopencm3_stm32f4.a(vector.o)
__preinit_array_end                               /home/alejandro/Desktop/pruebas/miniblink/libopencm3-examples/libopencm3/lib/libopencm3_stm32f4.a(vector.o)
__preinit_array_start                             /home/alejandro/Desktop/pruebas/miniblink/libopencm3-examples/libopencm3/lib/libopencm3_stm32f4.a(vector.o)
_data                                             /home/alejandro/Desktop/pruebas/miniblink/libopencm3-examples/libopencm3/lib/libopencm3_stm32f4.a(vector.o)
_data_loadaddr                                    /home/alejandro/Desktop/pruebas/miniblink/libopencm3-examples/libopencm3/lib/libopencm3_stm32f4.a(vector.o)
_ebss                                             /home/alejandro/Desktop/pruebas/miniblink/libopencm3-examples/libopencm3/lib/libopencm3_stm32f4.a(vector.o)
_edata                                            /home/alejandro/Desktop/pruebas/miniblink/libopencm3-examples/libopencm3/lib/libopencm3_stm32f4.a(vector.o)
_stack                                            /home/alejandro/Desktop/pruebas/miniblink/libopencm3-examples/libopencm3/lib/libopencm3_stm32f4.a(vector.o)
adc_isr                                           /home/alejandro/Desktop/pruebas/miniblink/libopencm3-examples/libopencm3/lib/libopencm3_stm32f4.a(vector.o)
axes                                              spi-mems.o
blocking_handler                                  /home/alejandro/Desktop/pruebas/miniblink/libopencm3-examples/libopencm3/lib/libopencm3_stm32f4.a(vector.o)
bus_fault_handler                                 /home/alejandro/Desktop/pruebas/miniblink/libopencm3-examples/libopencm3/lib/libopencm3_stm32f4.a(vector.o)
can1_rx0_isr                                      /home/alejandro/Desktop/pruebas/miniblink/libopencm3-examples/libopencm3/lib/libopencm3_stm32f4.a(vector.o)
can1_rx1_isr                                      /home/alejandro/Desktop/pruebas/miniblink/libopencm3-examples/libopencm3/lib/libopencm3_stm32f4.a(vector.o)
can1_sce_isr                                      /home/alejandro/Desktop/pruebas/miniblink/libopencm3-examples/libopencm3/lib/libopencm3_stm32f4.a(vector.o)
can1_tx_isr                                       /home/alejandro/Desktop/pruebas/miniblink/libopencm3-examples/libopencm3/lib/libopencm3_stm32f4.a(vector.o)
can2_rx0_isr                                      /home/alejandro/Desktop/pruebas/miniblink/libopencm3-examples/libopencm3/lib/libopencm3_stm32f4.a(vector.o)
can2_rx1_isr                                      /home/alejandro/Desktop/pruebas/miniblink/libopencm3-examples/libopencm3/lib/libopencm3_stm32f4.a(vector.o)
can2_sce_isr                                      /home/alejandro/Desktop/pruebas/miniblink/libopencm3-examples/libopencm3/lib/libopencm3_stm32f4.a(vector.o)
can2_tx_isr                                       /home/alejandro/Desktop/pruebas/miniblink/libopencm3-examples/libopencm3/lib/libopencm3_stm32f4.a(vector.o)
clock_setup                                       clock.o
                                                  spi-mems.o
console_getc                                      console.o
console_gets                                      console.o
console_putc                                      console.o
                                                  spi-mems.o
console_puts                                      console.o
                                                  spi-mems.o
console_setup                                     console.o
                                                  spi-mems.o
cryp_isr                                          /home/alejandro/Desktop/pruebas/miniblink/libopencm3-examples/libopencm3/lib/libopencm3_stm32f4.a(vector.o)
dcmi_isr                                          /home/alejandro/Desktop/pruebas/miniblink/libopencm3-examples/libopencm3/lib/libopencm3_stm32f4.a(vector.o)
debug_monitor_handler                             /home/alejandro/Desktop/pruebas/miniblink/libopencm3-examples/libopencm3/lib/libopencm3_stm32f4.a(vector.o)
dma1_stream0_isr                                  /home/alejandro/Desktop/pruebas/miniblink/libopencm3-examples/libopencm3/lib/libopencm3_stm32f4.a(vector.o)
dma1_stream1_isr                                  /home/alejandro/Desktop/pruebas/miniblink/libopencm3-examples/libopencm3/lib/libopencm3_stm32f4.a(vector.o)
dma1_stream2_isr                                  /home/alejandro/Desktop/pruebas/miniblink/libopencm3-examples/libopencm3/lib/libopencm3_stm32f4.a(vector.o)
dma1_stream3_isr                                  /home/alejandro/Desktop/pruebas/miniblink/libopencm3-examples/libopencm3/lib/libopencm3_stm32f4.a(vector.o)
dma1_stream4_isr                                  /home/alejandro/Desktop/pruebas/miniblink/libopencm3-examples/libopencm3/lib/libopencm3_stm32f4.a(vector.o)
dma1_stream5_isr                                  /home/alejandro/Desktop/pruebas/miniblink/libopencm3-examples/libopencm3/lib/libopencm3_stm32f4.a(vector.o)
dma1_stream6_isr                                  /home/alejandro/Desktop/pruebas/miniblink/libopencm3-examples/libopencm3/lib/libopencm3_stm32f4.a(vector.o)
dma1_stream7_isr                                  /home/alejandro/Desktop/pruebas/miniblink/libopencm3-examples/libopencm3/lib/libopencm3_stm32f4.a(vector.o)
dma2_stream0_isr                                  /home/alejandro/Desktop/pruebas/miniblink/libopencm3-examples/libopencm3/lib/libopencm3_stm32f4.a(vector.o)
dma2_stream1_isr                                  /home/alejandro/Desktop/pruebas/miniblink/libopencm3-examples/libopencm3/lib/libopencm3_stm32f4.a(vector.o)
dma2_stream2_isr                                  /home/alejandro/Desktop/pruebas/miniblink/libopencm3-examples/libopencm3/lib/libopencm3_stm32f4.a(vector.o)
dma2_stream3_isr                                  /home/alejandro/Desktop/pruebas/miniblink/libopencm3-examples/libopencm3/lib/libopencm3_stm32f4.a(vector.o)
dma2_stream4_isr                                  /home/alejandro/Desktop/pruebas/miniblink/libopencm3-examples/libopencm3/lib/libopencm3_stm32f4.a(vector.o)
dma2_stream5_isr                                  /home/alejandro/Desktop/pruebas/miniblink/libopencm3-examples/libopencm3/lib/libopencm3_stm32f4.a(vector.o)
dma2_stream6_isr                                  /home/alejandro/Desktop/pruebas/miniblink/libopencm3-examples/libopencm3/lib/libopencm3_stm32f4.a(vector.o)
dma2_stream7_isr                                  /home/alejandro/Desktop/pruebas/miniblink/libopencm3-examples/libopencm3/lib/libopencm3_stm32f4.a(vector.o)
dma2d_isr                                         /home/alejandro/Desktop/pruebas/miniblink/libopencm3-examples/libopencm3/lib/libopencm3_stm32f4.a(vector.o)
eth_isr                                           /home/alejandro/Desktop/pruebas/miniblink/libopencm3-examples/libopencm3/lib/libopencm3_stm32f4.a(vector.o)
eth_wkup_isr                                      /home/alejandro/Desktop/pruebas/miniblink/libopencm3-examples/libopencm3/lib/libopencm3_stm32f4.a(vector.o)
exti0_isr                                         /home/alejandro/Desktop/pruebas/miniblink/libopencm3-examples/libopencm3/lib/libopencm3_stm32f4.a(vector.o)
exti15_10_isr                                     /home/alejandro/Desktop/pruebas/miniblink/libopencm3-examples/libopencm3/lib/libopencm3_stm32f4.a(vector.o)
exti1_isr                                         /home/alejandro/Desktop/pruebas/miniblink/libopencm3-examples/libopencm3/lib/libopencm3_stm32f4.a(vector.o)
exti2_isr                                         /home/alejandro/Desktop/pruebas/miniblink/libopencm3-examples/libopencm3/lib/libopencm3_stm32f4.a(vector.o)
exti3_isr                                         /home/alejandro/Desktop/pruebas/miniblink/libopencm3-examples/libopencm3/lib/libopencm3_stm32f4.a(vector.o)
exti4_isr                                         /home/alejandro/Desktop/pruebas/miniblink/libopencm3-examples/libopencm3/lib/libopencm3_stm32f4.a(vector.o)
exti9_5_isr                                       /home/alejandro/Desktop/pruebas/miniblink/libopencm3-examples/libopencm3/lib/libopencm3_stm32f4.a(vector.o)
flash_dcache_disable                              /home/alejandro/Desktop/pruebas/miniblink/libopencm3-examples/libopencm3/lib/libopencm3_stm32f4.a(flash_common_idcache.o)
                                                  /home/alejandro/Desktop/pruebas/miniblink/libopencm3-examples/libopencm3/lib/libopencm3_stm32f4.a(rcc.o)
flash_dcache_enable                               /home/alejandro/Desktop/pruebas/miniblink/libopencm3-examples/libopencm3/lib/libopencm3_stm32f4.a(flash_common_idcache.o)
                                                  /home/alejandro/Desktop/pruebas/miniblink/libopencm3-examples/libopencm3/lib/libopencm3_stm32f4.a(rcc.o)
flash_dcache_reset                                /home/alejandro/Desktop/pruebas/miniblink/libopencm3-examples/libopencm3/lib/libopencm3_stm32f4.a(flash_common_idcache.o)
flash_icache_disable                              /home/alejandro/Desktop/pruebas/miniblink/libopencm3-examples/libopencm3/lib/libopencm3_stm32f4.a(flash_common_idcache.o)
                                                  /home/alejandro/Desktop/pruebas/miniblink/libopencm3-examples/libopencm3/lib/libopencm3_stm32f4.a(rcc.o)
flash_icache_enable                               /home/alejandro/Desktop/pruebas/miniblink/libopencm3-examples/libopencm3/lib/libopencm3_stm32f4.a(flash_common_idcache.o)
                                                  /home/alejandro/Desktop/pruebas/miniblink/libopencm3-examples/libopencm3/lib/libopencm3_stm32f4.a(rcc.o)
flash_icache_reset                                /home/alejandro/Desktop/pruebas/miniblink/libopencm3-examples/libopencm3/lib/libopencm3_stm32f4.a(flash_common_idcache.o)
flash_isr                                         /home/alejandro/Desktop/pruebas/miniblink/libopencm3-examples/libopencm3/lib/libopencm3_stm32f4.a(vector.o)
flash_prefetch_disable                            /home/alejandro/Desktop/pruebas/miniblink/libopencm3-examples/libopencm3/lib/libopencm3_stm32f4.a(flash_common_all.o)
flash_prefetch_enable                             /home/alejandro/Desktop/pruebas/miniblink/libopencm3-examples/libopencm3/lib/libopencm3_stm32f4.a(flash_common_all.o)
flash_set_ws                                      /home/alejandro/Desktop/pruebas/miniblink/libopencm3-examples/libopencm3/lib/libopencm3_stm32f4.a(flash_common_all.o)
                                                  /home/alejandro/Desktop/pruebas/miniblink/libopencm3-examples/libopencm3/lib/libopencm3_stm32f4.a(rcc.o)
flash_unlock_option_bytes                         /home/alejandro/Desktop/pruebas/miniblink/libopencm3-examples/libopencm3/lib/libopencm3_stm32f4.a(flash_common_all.o)
fpu_isr                                           /home/alejandro/Desktop/pruebas/miniblink/libopencm3-examples/libopencm3/lib/libopencm3_stm32f4.a(vector.o)
fsmc_isr                                          /home/alejandro/Desktop/pruebas/miniblink/libopencm3-examples/libopencm3/lib/libopencm3_stm32f4.a(vector.o)
gpio_clear                                        /home/alejandro/Desktop/pruebas/miniblink/libopencm3-examples/libopencm3/lib/libopencm3_stm32f4.a(gpio_common_all.o)
                                                  spi-mems.o
gpio_get                                          /home/alejandro/Desktop/pruebas/miniblink/libopencm3-examples/libopencm3/lib/libopencm3_stm32f4.a(gpio_common_all.o)
gpio_mode_setup                                   /home/alejandro/Desktop/pruebas/miniblink/libopencm3-examples/libopencm3/lib/libopencm3_stm32f4.a(gpio_common_f0234.o)
                                                  spi-mems.o
                                                  console.o
gpio_port_config_lock                             /home/alejandro/Desktop/pruebas/miniblink/libopencm3-examples/libopencm3/lib/libopencm3_stm32f4.a(gpio_common_all.o)
gpio_port_read                                    /home/alejandro/Desktop/pruebas/miniblink/libopencm3-examples/libopencm3/lib/libopencm3_stm32f4.a(gpio_common_all.o)
gpio_port_write                                   /home/alejandro/Desktop/pruebas/miniblink/libopencm3-examples/libopencm3/lib/libopencm3_stm32f4.a(gpio_common_all.o)
gpio_set                                          /home/alejandro/Desktop/pruebas/miniblink/libopencm3-examples/libopencm3/lib/libopencm3_stm32f4.a(gpio_common_all.o)
                                                  spi-mems.o
gpio_set_af                                       /home/alejandro/Desktop/pruebas/miniblink/libopencm3-examples/libopencm3/lib/libopencm3_stm32f4.a(gpio_common_f0234.o)
                                                  spi-mems.o
                                                  console.o
gpio_set_output_options                           /home/alejandro/Desktop/pruebas/miniblink/libopencm3-examples/libopencm3/lib/libopencm3_stm32f4.a(gpio_common_f0234.o)
gpio_toggle                                       /home/alejandro/Desktop/pruebas/miniblink/libopencm3-examples/libopencm3/lib/libopencm3_stm32f4.a(gpio_common_all.o)
hard_fault_handler                                /home/alejandro/Desktop/pruebas/miniblink/libopencm3-examples/libopencm3/lib/libopencm3_stm32f4.a(vector.o)
hash_rng_isr                                      /home/alejandro/Desktop/pruebas/miniblink/libopencm3-examples/libopencm3/lib/libopencm3_stm32f4.a(vector.o)
i2c1_er_isr                                       /home/alejandro/Desktop/pruebas/miniblink/libopencm3-examples/libopencm3/lib/libopencm3_stm32f4.a(vector.o)
i2c1_ev_isr                                       /home/alejandro/Desktop/pruebas/miniblink/libopencm3-examples/libopencm3/lib/libopencm3_stm32f4.a(vector.o)
i2c2_er_isr                                       /home/alejandro/Desktop/pruebas/miniblink/libopencm3-examples/libopencm3/lib/libopencm3_stm32f4.a(vector.o)
i2c2_ev_isr                                       /home/alejandro/Desktop/pruebas/miniblink/libopencm3-examples/libopencm3/lib/libopencm3_stm32f4.a(vector.o)
i2c3_er_isr                                       /home/alejandro/Desktop/pruebas/miniblink/libopencm3-examples/libopencm3/lib/libopencm3_stm32f4.a(vector.o)
i2c3_ev_isr                                       /home/alejandro/Desktop/pruebas/miniblink/libopencm3-examples/libopencm3/lib/libopencm3_stm32f4.a(vector.o)
lcd_spi_init                                      spi-mems.o
lcd_tft_err_isr                                   /home/alejandro/Desktop/pruebas/miniblink/libopencm3-examples/libopencm3/lib/libopencm3_stm32f4.a(vector.o)
lcd_tft_isr                                       /home/alejandro/Desktop/pruebas/miniblink/libopencm3-examples/libopencm3/lib/libopencm3_stm32f4.a(vector.o)
main                                              spi-mems.o
                                                  /home/alejandro/Desktop/pruebas/miniblink/libopencm3-examples/libopencm3/lib/libopencm3_stm32f4.a(vector.o)
mem_manage_handler                                /home/alejandro/Desktop/pruebas/miniblink/libopencm3-examples/libopencm3/lib/libopencm3_stm32f4.a(vector.o)
msleep                                            clock.o
                                                  spi-mems.o
mtime                                             clock.o
nmi_handler                                       /home/alejandro/Desktop/pruebas/miniblink/libopencm3-examples/libopencm3/lib/libopencm3_stm32f4.a(vector.o)
null_handler                                      /home/alejandro/Desktop/pruebas/miniblink/libopencm3-examples/libopencm3/lib/libopencm3_stm32f4.a(vector.o)
nvic_clear_pending_irq                            /home/alejandro/Desktop/pruebas/miniblink/libopencm3-examples/libopencm3/lib/libopencm3_stm32f4.a(nvic.o)
nvic_disable_irq                                  /home/alejandro/Desktop/pruebas/miniblink/libopencm3-examples/libopencm3/lib/libopencm3_stm32f4.a(nvic.o)
nvic_enable_irq                                   /home/alejandro/Desktop/pruebas/miniblink/libopencm3-examples/libopencm3/lib/libopencm3_stm32f4.a(nvic.o)
                                                  console.o
nvic_generate_software_interrupt                  /home/alejandro/Desktop/pruebas/miniblink/libopencm3-examples/libopencm3/lib/libopencm3_stm32f4.a(nvic.o)
nvic_get_active_irq                               /home/alejandro/Desktop/pruebas/miniblink/libopencm3-examples/libopencm3/lib/libopencm3_stm32f4.a(nvic.o)
nvic_get_irq_enabled                              /home/alejandro/Desktop/pruebas/miniblink/libopencm3-examples/libopencm3/lib/libopencm3_stm32f4.a(nvic.o)
nvic_get_pending_irq                              /home/alejandro/Desktop/pruebas/miniblink/libopencm3-examples/libopencm3/lib/libopencm3_stm32f4.a(nvic.o)
nvic_set_pending_irq                              /home/alejandro/Desktop/pruebas/miniblink/libopencm3-examples/libopencm3/lib/libopencm3_stm32f4.a(nvic.o)
nvic_set_priority                                 /home/alejandro/Desktop/pruebas/miniblink/libopencm3-examples/libopencm3/lib/libopencm3_stm32f4.a(nvic.o)
nvic_wwdg_isr                                     /home/alejandro/Desktop/pruebas/miniblink/libopencm3-examples/libopencm3/lib/libopencm3_stm32f4.a(vector.o)
otg_fs_isr                                        /home/alejandro/Desktop/pruebas/miniblink/libopencm3-examples/libopencm3/lib/libopencm3_stm32f4.a(vector.o)
otg_hs_ep1_in_isr                                 /home/alejandro/Desktop/pruebas/miniblink/libopencm3-examples/libopencm3/lib/libopencm3_stm32f4.a(vector.o)
otg_hs_ep1_out_isr                                /home/alejandro/Desktop/pruebas/miniblink/libopencm3-examples/libopencm3/lib/libopencm3_stm32f4.a(vector.o)
otg_hs_isr                                        /home/alejandro/Desktop/pruebas/miniblink/libopencm3-examples/libopencm3/lib/libopencm3_stm32f4.a(vector.o)
otg_hs_wkup_isr                                   /home/alejandro/Desktop/pruebas/miniblink/libopencm3-examples/libopencm3/lib/libopencm3_stm32f4.a(vector.o)
pend_sv_handler                                   /home/alejandro/Desktop/pruebas/miniblink/libopencm3-examples/libopencm3/lib/libopencm3_stm32f4.a(vector.o)
print_decimal                                     spi-mems.o
pvd_isr                                           /home/alejandro/Desktop/pruebas/miniblink/libopencm3-examples/libopencm3/lib/libopencm3_stm32f4.a(vector.o)
pwr_set_vos_scale                                 /home/alejandro/Desktop/pruebas/miniblink/libopencm3-examples/libopencm3/lib/libopencm3_stm32f4.a(pwr.o)
                                                  /home/alejandro/Desktop/pruebas/miniblink/libopencm3-examples/libopencm3/lib/libopencm3_stm32f4.a(rcc.o)
rcc_ahb_frequency                                 /home/alejandro/Desktop/pruebas/miniblink/libopencm3-examples/libopencm3/lib/libopencm3_stm32f4.a(rcc.o)
rcc_apb1_frequency                                /home/alejandro/Desktop/pruebas/miniblink/libopencm3-examples/libopencm3/lib/libopencm3_stm32f4.a(rcc.o)
                                                  /home/alejandro/Desktop/pruebas/miniblink/libopencm3-examples/libopencm3/lib/libopencm3_stm32f4.a(usart_common_all.o)
rcc_apb2_frequency                                /home/alejandro/Desktop/pruebas/miniblink/libopencm3-examples/libopencm3/lib/libopencm3_stm32f4.a(rcc.o)
                                                  /home/alejandro/Desktop/pruebas/miniblink/libopencm3-examples/libopencm3/lib/libopencm3_stm32f4.a(usart_common_all.o)
rcc_clock_setup_hse_3v3                           /home/alejandro/Desktop/pruebas/miniblink/libopencm3-examples/libopencm3/lib/libopencm3_stm32f4.a(rcc.o)
rcc_clock_setup_pll                               /home/alejandro/Desktop/pruebas/miniblink/libopencm3-examples/libopencm3/lib/libopencm3_stm32f4.a(rcc.o)
                                                  clock.o
rcc_css_disable                                   /home/alejandro/Desktop/pruebas/miniblink/libopencm3-examples/libopencm3/lib/libopencm3_stm32f4.a(rcc.o)
rcc_css_enable                                    /home/alejandro/Desktop/pruebas/miniblink/libopencm3-examples/libopencm3/lib/libopencm3_stm32f4.a(rcc.o)
rcc_css_int_clear                                 /home/alejandro/Desktop/pruebas/miniblink/libopencm3-examples/libopencm3/lib/libopencm3_stm32f4.a(rcc.o)
rcc_css_int_flag                                  /home/alejandro/Desktop/pruebas/miniblink/libopencm3-examples/libopencm3/lib/libopencm3_stm32f4.a(rcc.o)
rcc_get_div_from_hpre                             /home/alejandro/Desktop/pruebas/miniblink/libopencm3-examples/libopencm3/lib/libopencm3_stm32f4.a(rcc_common_all.o)
rcc_get_i2c_clk_freq                              /home/alejandro/Desktop/pruebas/miniblink/libopencm3-examples/libopencm3/lib/libopencm3_stm32f4.a(rcc.o)
rcc_get_spi_clk_freq                              /home/alejandro/Desktop/pruebas/miniblink/libopencm3-examples/libopencm3/lib/libopencm3_stm32f4.a(rcc.o)
rcc_get_timer_clk_freq                            /home/alejandro/Desktop/pruebas/miniblink/libopencm3-examples/libopencm3/lib/libopencm3_stm32f4.a(rcc.o)
rcc_get_usart_clk_freq                            /home/alejandro/Desktop/pruebas/miniblink/libopencm3-examples/libopencm3/lib/libopencm3_stm32f4.a(rcc.o)
rcc_hse_12mhz_3v3                                 /home/alejandro/Desktop/pruebas/miniblink/libopencm3-examples/libopencm3/lib/libopencm3_stm32f4.a(rcc.o)
rcc_hse_16mhz_3v3                                 /home/alejandro/Desktop/pruebas/miniblink/libopencm3-examples/libopencm3/lib/libopencm3_stm32f4.a(rcc.o)
rcc_hse_25mhz_3v3                                 /home/alejandro/Desktop/pruebas/miniblink/libopencm3-examples/libopencm3/lib/libopencm3_stm32f4.a(rcc.o)
rcc_hse_8mhz_3v3                                  /home/alejandro/Desktop/pruebas/miniblink/libopencm3-examples/libopencm3/lib/libopencm3_stm32f4.a(rcc.o)
                                                  clock.o
rcc_hsi_configs                                   /home/alejandro/Desktop/pruebas/miniblink/libopencm3-examples/libopencm3/lib/libopencm3_stm32f4.a(rcc.o)
rcc_is_osc_ready                                  /home/alejandro/Desktop/pruebas/miniblink/libopencm3-examples/libopencm3/lib/libopencm3_stm32f4.a(rcc.o)
rcc_isr                                           /home/alejandro/Desktop/pruebas/miniblink/libopencm3-examples/libopencm3/lib/libopencm3_stm32f4.a(vector.o)
rcc_osc_bypass_disable                            /home/alejandro/Desktop/pruebas/miniblink/libopencm3-examples/libopencm3/lib/libopencm3_stm32f4.a(rcc_common_all.o)
rcc_osc_bypass_enable                             /home/alejandro/Desktop/pruebas/miniblink/libopencm3-examples/libopencm3/lib/libopencm3_stm32f4.a(rcc_common_all.o)
rcc_osc_off                                       /home/alejandro/Desktop/pruebas/miniblink/libopencm3-examples/libopencm3/lib/libopencm3_stm32f4.a(rcc.o)
rcc_osc_on                                        /home/alejandro/Desktop/pruebas/miniblink/libopencm3-examples/libopencm3/lib/libopencm3_stm32f4.a(rcc.o)
rcc_osc_ready_int_clear                           /home/alejandro/Desktop/pruebas/miniblink/libopencm3-examples/libopencm3/lib/libopencm3_stm32f4.a(rcc.o)
rcc_osc_ready_int_disable                         /home/alejandro/Desktop/pruebas/miniblink/libopencm3-examples/libopencm3/lib/libopencm3_stm32f4.a(rcc.o)
rcc_osc_ready_int_enable                          /home/alejandro/Desktop/pruebas/miniblink/libopencm3-examples/libopencm3/lib/libopencm3_stm32f4.a(rcc.o)
rcc_osc_ready_int_flag                            /home/alejandro/Desktop/pruebas/miniblink/libopencm3-examples/libopencm3/lib/libopencm3_stm32f4.a(rcc.o)
rcc_periph_clock_disable                          /home/alejandro/Desktop/pruebas/miniblink/libopencm3-examples/libopencm3/lib/libopencm3_stm32f4.a(rcc_common_all.o)
rcc_periph_clock_enable                           /home/alejandro/Desktop/pruebas/miniblink/libopencm3-examples/libopencm3/lib/libopencm3_stm32f4.a(rcc_common_all.o)
                                                  /home/alejandro/Desktop/pruebas/miniblink/libopencm3-examples/libopencm3/lib/libopencm3_stm32f4.a(rcc.o)
                                                  spi-mems.o
                                                  console.o
rcc_periph_reset_hold                             /home/alejandro/Desktop/pruebas/miniblink/libopencm3-examples/libopencm3/lib/libopencm3_stm32f4.a(rcc_common_all.o)
rcc_periph_reset_pulse                            /home/alejandro/Desktop/pruebas/miniblink/libopencm3-examples/libopencm3/lib/libopencm3_stm32f4.a(rcc_common_all.o)
                                                  /home/alejandro/Desktop/pruebas/miniblink/libopencm3-examples/libopencm3/lib/libopencm3_stm32f4.a(spi_common_all.o)
rcc_periph_reset_release                          /home/alejandro/Desktop/pruebas/miniblink/libopencm3-examples/libopencm3/lib/libopencm3_stm32f4.a(rcc_common_all.o)
rcc_peripheral_clear_reset                        /home/alejandro/Desktop/pruebas/miniblink/libopencm3-examples/libopencm3/lib/libopencm3_stm32f4.a(rcc_common_all.o)
rcc_peripheral_disable_clock                      /home/alejandro/Desktop/pruebas/miniblink/libopencm3-examples/libopencm3/lib/libopencm3_stm32f4.a(rcc_common_all.o)
rcc_peripheral_enable_clock                       /home/alejandro/Desktop/pruebas/miniblink/libopencm3-examples/libopencm3/lib/libopencm3_stm32f4.a(rcc_common_all.o)
rcc_peripheral_reset                              /home/alejandro/Desktop/pruebas/miniblink/libopencm3-examples/libopencm3/lib/libopencm3_stm32f4.a(rcc_common_all.o)
rcc_plli2s_config                                 /home/alejandro/Desktop/pruebas/miniblink/libopencm3-examples/libopencm3/lib/libopencm3_stm32f4.a(rcc.o)
rcc_pllsai_config                                 /home/alejandro/Desktop/pruebas/miniblink/libopencm3-examples/libopencm3/lib/libopencm3_stm32f4.a(rcc.o)
rcc_pllsai_postscalers                            /home/alejandro/Desktop/pruebas/miniblink/libopencm3-examples/libopencm3/lib/libopencm3_stm32f4.a(rcc.o)
rcc_set_hpre                                      /home/alejandro/Desktop/pruebas/miniblink/libopencm3-examples/libopencm3/lib/libopencm3_stm32f4.a(rcc.o)
rcc_set_main_pll_hse                              /home/alejandro/Desktop/pruebas/miniblink/libopencm3-examples/libopencm3/lib/libopencm3_stm32f4.a(rcc.o)
rcc_set_main_pll_hsi                              /home/alejandro/Desktop/pruebas/miniblink/libopencm3-examples/libopencm3/lib/libopencm3_stm32f4.a(rcc.o)
rcc_set_mco                                       /home/alejandro/Desktop/pruebas/miniblink/libopencm3-examples/libopencm3/lib/libopencm3_stm32f4.a(rcc_common_all.o)
rcc_set_pll_source                                /home/alejandro/Desktop/pruebas/miniblink/libopencm3-examples/libopencm3/lib/libopencm3_stm32f4.a(rcc.o)
rcc_set_ppre1                                     /home/alejandro/Desktop/pruebas/miniblink/libopencm3-examples/libopencm3/lib/libopencm3_stm32f4.a(rcc.o)
rcc_set_ppre2                                     /home/alejandro/Desktop/pruebas/miniblink/libopencm3-examples/libopencm3/lib/libopencm3_stm32f4.a(rcc.o)
rcc_set_rtcpre                                    /home/alejandro/Desktop/pruebas/miniblink/libopencm3-examples/libopencm3/lib/libopencm3_stm32f4.a(rcc.o)
rcc_set_sysclk_source                             /home/alejandro/Desktop/pruebas/miniblink/libopencm3-examples/libopencm3/lib/libopencm3_stm32f4.a(rcc.o)
rcc_system_clock_source                           /home/alejandro/Desktop/pruebas/miniblink/libopencm3-examples/libopencm3/lib/libopencm3_stm32f4.a(rcc.o)
rcc_wait_for_osc_ready                            /home/alejandro/Desktop/pruebas/miniblink/libopencm3-examples/libopencm3/lib/libopencm3_stm32f4.a(rcc.o)
rcc_wait_for_sysclk_status                        /home/alejandro/Desktop/pruebas/miniblink/libopencm3-examples/libopencm3/lib/libopencm3_stm32f4.a(rcc.o)
recv_buf                                          console.o
recv_ndx_cur                                      console.o
recv_ndx_nxt                                      console.o
reset_handler                                     /home/alejandro/Desktop/pruebas/miniblink/libopencm3-examples/libopencm3/lib/libopencm3_stm32f4.a(vector.o)
rtc_alarm_isr                                     /home/alejandro/Desktop/pruebas/miniblink/libopencm3-examples/libopencm3/lib/libopencm3_stm32f4.a(vector.o)
rtc_wkup_isr                                      /home/alejandro/Desktop/pruebas/miniblink/libopencm3-examples/libopencm3/lib/libopencm3_stm32f4.a(vector.o)
sai1_isr                                          /home/alejandro/Desktop/pruebas/miniblink/libopencm3-examples/libopencm3/lib/libopencm3_stm32f4.a(vector.o)
scb_reset_core                                    /home/alejandro/Desktop/pruebas/miniblink/libopencm3-examples/libopencm3/lib/libopencm3_stm32f4.a(scb.o)
scb_reset_system                                  /home/alejandro/Desktop/pruebas/miniblink/libopencm3-examples/libopencm3/lib/libopencm3_stm32f4.a(scb.o)
                                                  console.o
scb_set_priority_grouping                         /home/alejandro/Desktop/pruebas/miniblink/libopencm3-examples/libopencm3/lib/libopencm3_stm32f4.a(scb.o)
sdio_isr                                          /home/alejandro/Desktop/pruebas/miniblink/libopencm3-examples/libopencm3/lib/libopencm3_stm32f4.a(vector.o)
sdram_init                                        spi-mems.o
spi1_isr                                          /home/alejandro/Desktop/pruebas/miniblink/libopencm3-examples/libopencm3/lib/libopencm3_stm32f4.a(vector.o)
spi2_isr                                          /home/alejandro/Desktop/pruebas/miniblink/libopencm3-examples/libopencm3/lib/libopencm3_stm32f4.a(vector.o)
spi3_isr                                          /home/alejandro/Desktop/pruebas/miniblink/libopencm3-examples/libopencm3/lib/libopencm3_stm32f4.a(vector.o)
spi4_isr                                          /home/alejandro/Desktop/pruebas/miniblink/libopencm3-examples/libopencm3/lib/libopencm3_stm32f4.a(vector.o)
spi5_isr                                          /home/alejandro/Desktop/pruebas/miniblink/libopencm3-examples/libopencm3/lib/libopencm3_stm32f4.a(vector.o)
spi6_isr                                          /home/alejandro/Desktop/pruebas/miniblink/libopencm3-examples/libopencm3/lib/libopencm3_stm32f4.a(vector.o)
spi_clean_disable                                 /home/alejandro/Desktop/pruebas/miniblink/libopencm3-examples/libopencm3/lib/libopencm3_stm32f4.a(spi_common_all.o)
spi_disable                                       /home/alejandro/Desktop/pruebas/miniblink/libopencm3-examples/libopencm3/lib/libopencm3_stm32f4.a(spi_common_all.o)
spi_disable_crc                                   /home/alejandro/Desktop/pruebas/miniblink/libopencm3-examples/libopencm3/lib/libopencm3_stm32f4.a(spi_common_all.o)
spi_disable_error_interrupt                       /home/alejandro/Desktop/pruebas/miniblink/libopencm3-examples/libopencm3/lib/libopencm3_stm32f4.a(spi_common_all.o)
spi_disable_rx_buffer_not_empty_interrupt         /home/alejandro/Desktop/pruebas/miniblink/libopencm3-examples/libopencm3/lib/libopencm3_stm32f4.a(spi_common_all.o)
spi_disable_rx_dma                                /home/alejandro/Desktop/pruebas/miniblink/libopencm3-examples/libopencm3/lib/libopencm3_stm32f4.a(spi_common_all.o)
spi_disable_software_slave_management             /home/alejandro/Desktop/pruebas/miniblink/libopencm3-examples/libopencm3/lib/libopencm3_stm32f4.a(spi_common_all.o)
spi_disable_ss_output                             /home/alejandro/Desktop/pruebas/miniblink/libopencm3-examples/libopencm3/lib/libopencm3_stm32f4.a(spi_common_all.o)
spi_disable_tx_buffer_empty_interrupt             /home/alejandro/Desktop/pruebas/miniblink/libopencm3-examples/libopencm3/lib/libopencm3_stm32f4.a(spi_common_all.o)
spi_disable_tx_dma                                /home/alejandro/Desktop/pruebas/miniblink/libopencm3-examples/libopencm3/lib/libopencm3_stm32f4.a(spi_common_all.o)
spi_enable                                        /home/alejandro/Desktop/pruebas/miniblink/libopencm3-examples/libopencm3/lib/libopencm3_stm32f4.a(spi_common_all.o)
                                                  spi-mems.o
spi_enable_crc                                    /home/alejandro/Desktop/pruebas/miniblink/libopencm3-examples/libopencm3/lib/libopencm3_stm32f4.a(spi_common_all.o)
spi_enable_error_interrupt                        /home/alejandro/Desktop/pruebas/miniblink/libopencm3-examples/libopencm3/lib/libopencm3_stm32f4.a(spi_common_all.o)
spi_enable_rx_buffer_not_empty_interrupt          /home/alejandro/Desktop/pruebas/miniblink/libopencm3-examples/libopencm3/lib/libopencm3_stm32f4.a(spi_common_all.o)
spi_enable_rx_dma                                 /home/alejandro/Desktop/pruebas/miniblink/libopencm3-examples/libopencm3/lib/libopencm3_stm32f4.a(spi_common_all.o)
spi_enable_software_slave_management              /home/alejandro/Desktop/pruebas/miniblink/libopencm3-examples/libopencm3/lib/libopencm3_stm32f4.a(spi_common_all.o)
                                                  spi-mems.o
spi_enable_ss_output                              /home/alejandro/Desktop/pruebas/miniblink/libopencm3-examples/libopencm3/lib/libopencm3_stm32f4.a(spi_common_all.o)
spi_enable_tx_buffer_empty_interrupt              /home/alejandro/Desktop/pruebas/miniblink/libopencm3-examples/libopencm3/lib/libopencm3_stm32f4.a(spi_common_all.o)
spi_enable_tx_dma                                 /home/alejandro/Desktop/pruebas/miniblink/libopencm3-examples/libopencm3/lib/libopencm3_stm32f4.a(spi_common_all.o)
spi_read                                          /home/alejandro/Desktop/pruebas/miniblink/libopencm3-examples/libopencm3/lib/libopencm3_stm32f4.a(spi_common_all.o)
                                                  spi-mems.o
spi_reset                                         /home/alejandro/Desktop/pruebas/miniblink/libopencm3-examples/libopencm3/lib/libopencm3_stm32f4.a(spi_common_all.o)
spi_send                                          /home/alejandro/Desktop/pruebas/miniblink/libopencm3-examples/libopencm3/lib/libopencm3_stm32f4.a(spi_common_all.o)
                                                  spi-mems.o
spi_send_lsb_first                                /home/alejandro/Desktop/pruebas/miniblink/libopencm3-examples/libopencm3/lib/libopencm3_stm32f4.a(spi_common_all.o)
spi_send_msb_first                                /home/alejandro/Desktop/pruebas/miniblink/libopencm3-examples/libopencm3/lib/libopencm3_stm32f4.a(spi_common_all.o)
                                                  spi-mems.o
spi_set_baudrate_prescaler                        /home/alejandro/Desktop/pruebas/miniblink/libopencm3-examples/libopencm3/lib/libopencm3_stm32f4.a(spi_common_all.o)
                                                  spi-mems.o
spi_set_bidirectional_mode                        /home/alejandro/Desktop/pruebas/miniblink/libopencm3-examples/libopencm3/lib/libopencm3_stm32f4.a(spi_common_all.o)
spi_set_bidirectional_receive_only_mode           /home/alejandro/Desktop/pruebas/miniblink/libopencm3-examples/libopencm3/lib/libopencm3_stm32f4.a(spi_common_all.o)
spi_set_bidirectional_transmit_only_mode          /home/alejandro/Desktop/pruebas/miniblink/libopencm3-examples/libopencm3/lib/libopencm3_stm32f4.a(spi_common_all.o)
spi_set_clock_phase_0                             /home/alejandro/Desktop/pruebas/miniblink/libopencm3-examples/libopencm3/lib/libopencm3_stm32f4.a(spi_common_all.o)
                                                  spi-mems.o
spi_set_clock_phase_1                             /home/alejandro/Desktop/pruebas/miniblink/libopencm3-examples/libopencm3/lib/libopencm3_stm32f4.a(spi_common_all.o)
spi_set_clock_polarity_0                          /home/alejandro/Desktop/pruebas/miniblink/libopencm3-examples/libopencm3/lib/libopencm3_stm32f4.a(spi_common_all.o)
                                                  spi-mems.o
spi_set_clock_polarity_1                          /home/alejandro/Desktop/pruebas/miniblink/libopencm3-examples/libopencm3/lib/libopencm3_stm32f4.a(spi_common_all.o)
spi_set_full_duplex_mode                          /home/alejandro/Desktop/pruebas/miniblink/libopencm3-examples/libopencm3/lib/libopencm3_stm32f4.a(spi_common_all.o)
                                                  spi-mems.o